{
  "bones": [
    {
      "name": "Charmander_LArmCollarbone",
      "parent": "Charmander_Chest",
      "head": [
        0.03281219303607941,
        0.060692157596349716,
        0.4019787013530731
      ],
      "tail": [
        0.04153008386492729,
        0.020895127207040787,
        0.39122894406318665
      ],
      "worldAxes": [
        [
          0.9714242815971375,
          0.16733038425445557,
          0.16833080351352692
        ],
        [
          0.20690353214740753,
          -0.9445112943649292,
          -0.2551262378692627
        ],
        [
          0.11629996448755264,
          0.2826639413833618,
          -0.9521424770355225
        ]
      ]
    },
    {
      "name": "Charmander_LArm1",
      "parent": "Charmander_LArmCollarbone",
      "head": [
        0.07374323904514313,
        0.06774263083934784,
        0.40907132625579834
      ],
      "tail": [
        0.0822930783033371,
        -0.027208369225263596,
        0.4035499393939972
      ],
      "worldAxes": [
        [
          0.9724834561347961,
          0.09980841726064682,
          -0.21050944924354553
        ],
        [
          0.08953194320201874,
          -0.994304358959198,
          -0.05781861022114754
        ],
        [
          -0.21508125960826874,
          0.037380605936050415,
          -0.97588050365448
        ]
      ]
    },
    {
      "name": "Charmander_LArm2",
      "parent": "Charmander_LArm1",
      "head": [
        0.16661033034324646,
        0.07727380096912384,
        0.3889687955379486
      ],
      "tail": [
        0.15135455131530762,
        -0.011931165121495724,
        0.38891348242759705
      ],
      "worldAxes": [
        [
          0.9618628621101379,
          -0.16436216235160828,
          -0.21864329278469086
        ],
        [
          -0.16857197880744934,
          -0.9856891632080078,
          -0.0006111677503213286
        ],
        [
          -0.2154139131307602,
          0.03744528442621231,
          -0.9758046269416809
        ]
      ]
    },
    {
      "name": "Charmander_LArmPalm",
      "parent": "Charmander_LArm2",
      "head": [
        0.2536584734916687,
        0.06239914149045944,
        0.369181752204895
      ],
      "tail": [
        0.26237916946411133,
        0.019976191222667694,
        0.36563459038734436
      ],
      "worldAxes": [
        [
          0.9557511210441589,
          0.21340487897396088,
          -0.2024800330400467
        ],
        [
          0.20068359375,
          -0.9762495160102844,
          -0.08162757009267807
        ],
        [
          -0.21509075164794922,
          0.03738151118159294,
          -0.9758783578872681
        ]
      ]
    },
    {
      "name": "Charmander_RArmCollarbone",
      "parent": "Charmander_Chest",
      "head": [
        -0.03281041979789734,
        0.06069166213274002,
        0.4019789397716522
      ],
      "tail": [
        -0.04152780398726463,
        0.020894501358270645,
        0.3912292420864105
      ],
      "worldAxes": [
        [
          -0.9714255928993225,
          0.1673162281513214,
          0.1683378666639328
        ],
        [
          -0.20689155161380768,
          -0.9445143938064575,
          -0.25512441992759705
        ],
        [
          0.11631103605031967,
          -0.28266197443008423,
          0.9521417617797852
        ]
      ]
    },
    {
      "name": "Charmander_RArm1",
      "parent": "Charmander_RArmCollarbone",
      "head": [
        -0.07374151796102524,
        0.06774153560400009,
        0.4090719223022461
      ],
      "tail": [
        -0.08229001611471176,
        -0.027209609746932983,
        0.4035507142543793
      ],
      "worldAxes": [
        [
          -0.9724864363670349,
          0.09979397058486938,
          -0.21050257980823517
        ],
        [
          -0.08951786160469055,
          -0.9943056702613831,
          -0.05781681090593338
        ],
        [
          -0.21507379412651062,
          -0.03738262876868248,
          0.9758821129798889
        ]
      ]
    },
    {
      "name": "Charmander_RArm2",
      "parent": "Charmander_RArm1",
      "head": [
        -0.16660888493061066,
        0.07727135717868805,
        0.3889700174331665
      ],
      "tail": [
        -0.15135182440280914,
        -0.01193333975970745,
        0.38891470432281494
      ],
      "worldAxes": [
        [
          -0.9618620872497559,
          -0.16437622904777527,
          -0.21863612532615662
        ],
        [
          0.16858620941638947,
          -0.9856867790222168,
          -0.0006112813134677708
        ],
        [
          -0.21540632843971252,
          -0.03744729608297348,
          0.9758062362670898
        ]
      ]
    },
    {
      "name": "Charmander_RArmPalm",
      "parent": "Charmander_RArm2",
      "head": [
        -0.2536582946777344,
        0.06239514797925949,
        0.369183212518692
      ],
      "tail": [
        -0.26237887144088745,
        0.01997232809662819,
        0.3656361401081085
      ],
      "worldAxes": [
        [
          -0.9557557106018066,
          0.21339084208011627,
          -0.20247317850589752
        ],
        [
          -0.20068159699440002,
          -0.9762499332427979,
          -0.08162720501422882
        ],
        [
          -0.21508297324180603,
          -0.037383321672677994,
          0.9758800268173218
        ]
      ]
    },
    {
      "name": "Charmander_Pelvis",
      "parent": null,
      "head": [
        -2.999357562316618e-08,
        0.09931914508342743,
        0.2272988110780716
      ],
      "tail": [
        2.641669425429427e-07,
        0.0590428002178669,
        0.2272988259792328
      ],
      "worldAxes": [
        [
          3.5961402318207547e-06,
          1.1920930376163597e-07,
          1.0
        ],
        [
          7.303553957171971e-06,
          -1.0,
          1.1918304920754963e-07
        ],
        [
          1.0,
          7.3035521381825674e-06,
          -3.596141368689132e-06
        ]
      ]
    },
    {
      "name": "Charmander_Spine1",
      "parent": "Charmander_Pelvis",
      "head": [
        -2.999360759758929e-08,
        0.09931914508342743,
        0.2272988110780716
      ],
      "tail": [
        4.2500340668993886e-07,
        0.0327439121901989,
        0.2187531292438507
      ],
      "worldAxes": [
        [
          4.582826477417257e-06,
          -0.12731681764125824,
          0.9918621182441711
        ],
        [
          6.778711394872516e-06,
          -0.9918621182441711,
          -0.12731684744358063
        ],
        [
          1.0,
          7.307016858248971e-06,
          -3.6824885683017783e-06
        ]
      ]
    },
    {
      "name": "Charmander_Spine2",
      "parent": "Charmander_Spine1",
      "head": [
        3.7477164482879743e-07,
        0.08788438886404037,
        0.3163811266422272
      ],
      "tail": [
        9.012432542476745e-07,
        0.002286570379510522,
        0.28918859362602234
      ],
      "worldAxes": [
        [
          5.644626526191132e-06,
          -0.30276739597320557,
          0.953064501285553
        ],
        [
          5.861847512278473e-06,
          -0.9530644416809082,
          -0.30276748538017273
        ],
        [
          1.0,
          7.295727300515864e-06,
          -3.6049173104402144e-06
        ]
      ]
    },
    {
      "name": "Charmander_Chest",
      "parent": "Charmander_Spine2",
      "head": [
        8.876240826793946e-07,
        0.06069190055131912,
        0.40197882056236267
      ],
      "tail": [
        1.0707290130085312e-06,
        0.03174282982945442,
        0.3942219316959381
      ],
      "worldAxes": [
        [
          5.408886408986291e-06,
          -0.2588185966014862,
          0.9659259915351868
        ],
        [
          6.10954839430633e-06,
          -0.9659258723258972,
          -0.25881868600845337
        ],
        [
          1.0,
          7.301290679606609e-06,
          -3.6433189052331727e-06
        ]
      ]
    },
    {
      "name": "Charmander_Neck",
      "parent": "Charmander_Chest",
      "head": [
        1.0454045877850149e-06,
        0.04973992705345154,
        0.42365768551826477
      ],
      "tail": [
        3.6310075302026235e-07,
        -0.012459209188818932,
        0.40132734179496765
      ],
      "worldAxes": [
        [
          9.96707531157881e-05,
          -0.33789703249931335,
          0.9411830306053162
        ],
        [
          -1.0324464710720349e-05,
          -0.9411830306053162,
          -0.3378971815109253
        ],
        [
          1.0,
          2.3961249098647386e-05,
          -9.729702287586406e-05
        ]
      ]
    },
    {
      "name": "Charmander_Head",
      "parent": "Charmander_Neck",
      "head": [
        7.639125215064269e-06,
        0.02740960754454136,
        0.4858567714691162
      ],
      "tail": [
        7.90264857641887e-06,
        -0.02295578457415104,
        0.4567783772945404
      ],
      "worldAxes": [
        [
          6.724194008711493e-06,
          -0.49999913573265076,
          0.8660259246826172
        ],
        [
          4.531247668637661e-06,
          -0.8660259246826172,
          -0.49999919533729553
        ],
        [
          1.0,
          7.286289473995566e-06,
          -3.557740001269849e-06
        ]
      ]
    },
    {
      "name": "Charmander_Tail1",
      "parent": "Charmander_Pelvis",
      "head": [
        -2.999360759758929e-08,
        0.09931914508342743,
        0.2272988110780716
      ],
      "tail": [
        -8.173532251021243e-08,
        0.1521931141614914,
        0.318878173828125
      ],
      "worldAxes": [
        [
          -8.179026735888328e-06,
          0.8660230040550232,
          -0.5000041127204895
        ],
        [
          -4.892970650871575e-07,
          0.500004231929779,
          0.8660228848457336
        ],
        [
          1.0,
          7.327874754992081e-06,
          -3.6658066164818592e-06
        ]
      ]
    },
    {
      "name": "Charmander_Tail2",
      "parent": "Charmander_Tail1",
      "head": [
        -8.919316769606667e-07,
        0.19089850783348083,
        0.17442484200000763
      ],
      "tail": [
        -5.563583158618712e-07,
        0.20092931389808655,
        0.2890704572200775
      ],
      "worldAxes": [
        [
          -7.548247140221065e-06,
          0.9961942434310913,
          -0.08716081082820892
        ],
        [
          2.9159091354813427e-06,
          0.08716101944446564,
          0.9961942434310913
        ],
        [
          1.0,
          7.265367457875982e-06,
          -3.562725851224968e-06
        ]
      ]
    },
    {
      "name": "Charmander_Tail3",
      "parent": "Charmander_Tail2",
      "head": [
        -1.7592371932551032e-06,
        0.3055441677570343,
        0.16439403593540192
      ],
      "tail": [
        -1.1206473118363647e-06,
        0.26789313554763794,
        0.2678411602973938
      ],
      "worldAxes": [
        [
          -5.627210612146882e-06,
          0.9396944046020508,
          0.3420152962207794
        ],
        [
          5.8008326959679835e-06,
          -0.34201517701148987,
          0.9396944642066956
        ],
        [
          1.0,
          7.271831691468833e-06,
          -3.526418367982842e-06
        ]
      ]
    },
    {
      "name": "Charmander_Tail4",
      "parent": "Charmander_Tail3",
      "head": [
        -2.3766065169184003e-06,
        0.4089912474155426,
        0.20204508304595947
      ],
      "tail": [
        -1.4709197557749576e-06,
        0.32510560750961304,
        0.28593170642852783
      ],
      "worldAxes": [
        [
          -2.4366311208723346e-06,
          0.7071110010147095,
          0.7071026563644409
        ],
        [
          7.634362191311084e-06,
          -0.7071025967597961,
          0.7071109414100647
        ],
        [
          1.0,
          7.12124710844364e-06,
          -3.6753936001332477e-06
        ]
      ]
    },
    {
      "name": "Charmander_Tail5",
      "parent": "Charmander_Tail4",
      "head": [
        -2.670837602636311e-06,
        0.49287790060043335,
        0.2859308123588562
      ],
      "tail": [
        -1.7234638107765932e-06,
        0.38139963150024414,
        0.3265063464641571
      ],
      "worldAxes": [
        [
          9.193593086820329e-07,
          0.34202590584754944,
          0.9396905303001404
        ],
        [
          7.985755473782774e-06,
          -0.9396905303001404,
          0.3420258164405823
        ],
        [
          1.0,
          7.189695679699071e-06,
          -3.595249381760368e-06
        ]
      ]
    },
    {
      "name": "Charmander_LLegAnkle",
      "parent": "Charmander_LLeg3",
      "head": [
        0.08734248578548431,
        0.06218364089727402,
        0.04229012131690979
      ],
      "tail": [
        0.08734285086393356,
        0.04021468758583069,
        0.08777324110269547
      ],
      "worldAxes": [
        [
          0.0007686635362915695,
          -0.9004614353179932,
          -0.4349353015422821
        ],
        [
          7.174786333052907e-06,
          -0.4349350333213806,
          0.9004619121551514
        ],
        [
          -0.9999997615814209,
          -0.0006953223492018878,
          -0.0003276825009379536
        ]
      ]
    },
    {
      "name": "Charmander_RLegAnkle",
      "parent": "Charmander_RLeg3",
      "head": [
        -0.08735527098178864,
        0.06218627840280533,
        0.042264942079782486
      ],
      "tail": [
        -0.08735496550798416,
        0.04024285823106766,
        0.08776112645864487
      ],
      "worldAxes": [
        [
          -0.0007365266210399568,
          -0.9007100462913513,
          -0.43442022800445557
        ],
        [
          6.029818450770108e-06,
          -0.43442386388778687,
          0.9007085561752319
        ],
        [
          -0.9999997019767761,
          0.000659555138554424,
          0.0003255776537116617
        ]
      ]
    }
  ],
  "components": [
    {
      "vertices": 6257,
      "min": [
        -0.33664798736572266,
        -0.13740195333957672,
        -0.0012599901529029012
      ],
      "max": [
        0.33664798736572266,
        0.5193799734115601,
        0.5941979885101318
      ]
    },
    {
      "vertices": 33,
      "min": [
        0.017430894076824188,
        -0.13175274431705475,
        0.4570615589618683
      ],
      "max": [
        0.03025232069194317,
        -0.11891967803239822,
        0.47526946663856506
      ]
    },
    {
      "vertices": 33,
      "min": [
        0.03641470894217491,
        -0.070433109998703,
        0.46513673663139343
      ],
      "max": [
        0.05291186273097992,
        -0.05431382730603218,
        0.48845335841178894
      ]
    },
    {
      "vertices": 33,
      "min": [
        0.25648245215415955,
        0.02010304667055607,
        0.37354835867881775
      ],
      "max": [
        0.27571988105773926,
        0.04421808570623398,
        0.3906647264957428
      ]
    },
    {
      "vertices": 33,
      "min": [
        0.3116188645362854,
        0.03309473395347595,
        0.37591490149497986
      ],
      "max": [
        0.3313932716846466,
        0.059630874544382095,
        0.39534303545951843
      ]
    },
    {
      "vertices": 33,
      "min": [
        0.31342068314552307,
        0.02473684586584568,
        0.34082111716270447
      ],
      "max": [
        0.33226701617240906,
        0.048851851373910904,
        0.3578745126724243
      ]
    },
    {
      "vertices": 33,
      "min": [
        0.2879312336444855,
        0.02010304480791092,
        0.31761810183525085
      ],
      "max": [
        0.30610159039497375,
        0.04421806335449219,
        0.3358463644981384
      ]
    },
    {
      "vertices": 33,
      "min": [
        0.11412832885980606,
        -0.03594936802983284,
        0.0038429638370871544
      ],
      "max": [
        0.1447148323059082,
        0.004817690700292587,
        0.031215475872159004
      ]
    },
    {
      "vertices": 33,
      "min": [
        0.07355503737926483,
        -0.05705918371677399,
        0.00531780393794179
      ],
      "max": [
        0.10086210072040558,
        -0.01601536199450493,
        0.03269035741686821
      ]
    },
    {
      "vertices": 33,
      "min": [
        0.027677219361066818,
        -0.04771903529763222,
        0.0030906687024980783
      ],
      "max": [
        0.058263715356588364,
        -0.00695197656750679,
        0.030463144183158875
      ]
    },
    {
      "vertices": 33,
      "min": [
        0.03688297048211098,
        0.03238198906183243,
        0.5447269082069397
      ],
      "max": [
        0.07070497423410416,
        0.05674600228667259,
        0.570501983165741
      ]
    },
    {
      "vertices": 40,
      "min": [
        0.01868201047182083,
        -0.07123098522424698,
        0.4911889135837555
      ],
      "max": [
        0.06665199249982834,
        -0.004981962498277426,
        0.562934935092926
      ]
    },
    {
      "vertices": 33,
      "min": [
        -0.030252113938331604,
        -0.13175274431705475,
        0.4570615589618683
      ],
      "max": [
        -0.017430689185857773,
        -0.11891967803239822,
        0.47526946663856506
      ]
    },
    {
      "vertices": 33,
      "min": [
        -0.0529116690158844,
        -0.0704331174492836,
        0.46513673663139343
      ],
      "max": [
        -0.03641451522707939,
        -0.05431383103132248,
        0.48845335841178894
      ]
    },
    {
      "vertices": 33,
      "min": [
        -0.27571970224380493,
        0.02010299637913704,
        0.37354835867881775
      ],
      "max": [
        -0.25648224353790283,
        0.044218044728040695,
        0.3906647861003876
      ]
    },
    {
      "vertices": 33,
      "min": [
        -0.3313930332660675,
        0.03309467434883118,
        0.375914990901947
      ],
      "max": [
        -0.3116186559200287,
        0.05963081493973732,
        0.3953430950641632
      ]
    },
    {
      "vertices": 33,
      "min": [
        -0.33226683735847473,
        0.024736782535910606,
        0.34082114696502686
      ],
      "max": [
        -0.31342050433158875,
        0.04885179176926613,
        0.3578746020793915
      ]
    },
    {
      "vertices": 33,
      "min": [
        -0.30610141158103943,
        0.02010299265384674,
        0.31761813163757324
      ],
      "max": [
        -0.28793108463287354,
        0.04421800374984741,
        0.3358463943004608
      ]
    },
    {
      "vertices": 33,
      "min": [
        -0.14471469819545746,
        -0.035949401557445526,
        0.0038430027198046446
      ],
      "max": [
        -0.1141282171010971,
        0.004817659500986338,
        0.031215516850352287
      ]
    },
    {
      "vertices": 33,
      "min": [
        -0.10086198896169662,
        -0.05705919861793518,
        0.005317804403603077
      ],
      "max": [
        -0.07355492562055588,
        -0.01601538248360157,
        0.03269035741686821
      ]
    },
    {
      "vertices": 33,
      "min": [
        -0.05826361104846001,
        -0.04771904647350311,
        0.003090668935328722
      ],
      "max": [
        -0.027677107602357864,
        -0.006951987277716398,
        0.030463144183158875
      ]
    },
    {
      "vertices": 33,
      "min": [
        -0.07070478796958923,
        0.03238198906183243,
        0.5447269082069397
      ],
      "max": [
        -0.036882780492305756,
        0.056745998561382294,
        0.570501983165741
      ]
    },
    {
      "vertices": 40,
      "min": [
        -0.06665179133415222,
        -0.07123099267482758,
        0.4911889433860779
      ],
      "max": [
        -0.018681803718209267,
        -0.004981973208487034,
        0.562934935092926
      ]
    }
  ]
}
Blender 4.5.0 (hash 8cb6b388974a built 2025-07-15 01:35:28)
Read blend: "/Users/stephenhung/Documents/GitHub/agarstra/outputs/pokemon-remake/models/charmander-existing-v1.blend"

Blender quit
