16:39:26 | INFO: Data are loaded, start creating Blender stuff
16:39:26 | INFO: Blender create Mesh node Tree_v2_connected_branch_scaffold
16:39:26 | INFO: Blender create Mesh node Tree_v2_broadleaf_crown
16:39:26 | INFO: glTF import finished in 0.24s
Blender 4.5.0 (hash 8cb6b388974a built 2025-07-15 01:35:28)
Fra:1 Mem:57.98M (Peak 57.98M) | Time:00:00.04 | Mem:0.00M, Peak:0.00M | Scene, ViewLayer | Synchronizing object | Tree_v2_connected_branch_scaffold
Fra:1 Mem:57.98M (Peak 57.98M) | Time:00:00.04 | Mem:0.00M, Peak:0.00M | Scene, ViewLayer | Synchronizing object | Review floor
Fra:1 Mem:57.99M (Peak 57.99M) | Time:00:00.04 | Mem:0.00M, Peak:0.00M | Scene, ViewLayer | Synchronizing object | Tree_v2_broadleaf_crown
Fra:1 Mem:57.99M (Peak 57.99M) | Time:00:00.04 | Mem:0.00M, Peak:0.00M | Scene, ViewLayer | Synchronizing object | Key
Fra:1 Mem:58.06M (Peak 58.06M) | Time:00:00.04 | Mem:0.00M, Peak:0.00M | Scene, ViewLayer | Synchronizing object | Fill
Fra:1 Mem:67.11M (Peak 69.17M) | Time:00:00.05 | Mem:0.00M, Peak:0.00M | Scene, ViewLayer | Initializing
Fra:1 Mem:67.09M (Peak 69.17M) | Time:00:00.05 | Mem:0.00M, Peak:0.00M | Scene, ViewLayer | Updating Images | Loading Tree v2 authored leaf veins
Fra:1 Mem:68.10M (Peak 69.17M) | Time:00:00.05 | Mem:0.00M, Peak:0.00M | Scene, ViewLayer | Updating Images | Loading source-bark-base
Fra:1 Mem:68.10M (Peak 69.17M) | Time:00:00.05 | Mem:1.00M, Peak:1.00M | Scene, ViewLayer | Updating Images | Loading source-bark-normal
Fra:1 Mem:99.78M (Peak 100.10M) | Time:00:00.06 | Mem:33.00M, Peak:33.00M | Scene, ViewLayer | Waiting for render to start
Fra:1 Mem:99.78M (Peak 100.10M) | Time:00:00.06 | Mem:33.00M, Peak:33.00M | Scene, ViewLayer | Updating Scene
Fra:1 Mem:99.78M (Peak 100.10M) | Time:00:00.06 | Mem:33.00M, Peak:33.00M | Scene, ViewLayer | Updating Shaders
Fra:1 Mem:99.86M (Peak 100.10M) | Time:00:00.06 | Mem:33.00M, Peak:33.00M | Scene, ViewLayer | Loading render kernels (may take a few minutes the first time)
Fra:1 Mem:99.86M (Peak 100.10M) | Time:00:00.06 | Mem:33.00M, Peak:33.00M | Scene, ViewLayer | Updating Procedurals
Fra:1 Mem:99.86M (Peak 100.10M) | Time:00:00.06 | Mem:33.00M, Peak:33.00M | Scene, ViewLayer | Updating Background
Fra:1 Mem:99.86M (Peak 100.10M) | Time:00:00.06 | Mem:33.00M, Peak:33.00M | Scene, ViewLayer | Updating Camera
Fra:1 Mem:99.86M (Peak 100.10M) | Time:00:00.06 | Mem:33.00M, Peak:33.00M | Scene, ViewLayer | Updating Meshes Flags
Fra:1 Mem:99.86M (Peak 100.10M) | Time:00:00.06 | Mem:33.00M, Peak:33.00M | Scene, ViewLayer | Updating Objects
Fra:1 Mem:99.86M (Peak 100.10M) | Time:00:00.06 | Mem:33.00M, Peak:33.00M | Scene, ViewLayer | Updating Objects | Copying Transformations to device
Fra:1 Mem:99.86M (Peak 100.10M) | Time:00:00.06 | Mem:33.00M, Peak:33.00M | Scene, ViewLayer | Updating Particle Systems
Fra:1 Mem:99.86M (Peak 100.10M) | Time:00:00.06 | Mem:33.00M, Peak:33.00M | Scene, ViewLayer | Updating Particle Systems | Copying Particles to device
Fra:1 Mem:99.86M (Peak 100.10M) | Time:00:00.06 | Mem:33.00M, Peak:33.00M | Scene, ViewLayer | Updating Meshes
Fra:1 Mem:101.06M (Peak 101.06M) | Time:00:00.09 | Mem:33.00M, Peak:33.00M | Scene, ViewLayer | Updating Objects | Applying Static Transformations
Fra:1 Mem:101.06M (Peak 101.06M) | Time:00:00.09 | Mem:33.00M, Peak:33.00M | Scene, ViewLayer | Updating Mesh | Computing attributes
Fra:1 Mem:104.14M (Peak 104.14M) | Time:00:00.10 | Mem:33.00M, Peak:33.00M | Scene, ViewLayer | Updating Mesh | Copying Attributes to device
Fra:1 Mem:104.14M (Peak 104.14M) | Time:00:00.10 | Mem:36.09M, Peak:36.09M | Scene, ViewLayer | Updating Scene BVH | Building
Fra:1 Mem:104.14M (Peak 104.14M) | Time:00:00.10 | Mem:36.09M, Peak:36.09M | Scene, ViewLayer | Updating Scene BVH | Building BVH
Fra:1 Mem:104.14M (Peak 104.14M) | Time:00:00.10 | Mem:37.43M, Peak:37.43M | Scene, ViewLayer | Updating Scene BVH | Building BVH 0%
Fra:1 Mem:104.14M (Peak 104.14M) | Time:00:00.12 | Mem:39.03M, Peak:40.37M | Scene, ViewLayer | Updating Scene BVH | Copying BVH to device
Fra:1 Mem:104.14M (Peak 104.14M) | Time:00:00.12 | Mem:39.03M, Peak:40.37M | Scene, ViewLayer | Updating Mesh | Computing normals
Fra:1 Mem:106.53M (Peak 106.53M) | Time:00:00.12 | Mem:39.03M, Peak:40.37M | Scene, ViewLayer | Updating Mesh | Copying Mesh to device
Fra:1 Mem:106.53M (Peak 106.53M) | Time:00:00.12 | Mem:41.42M, Peak:41.42M | Scene, ViewLayer | Updating Objects Flags
Fra:1 Mem:106.53M (Peak 106.53M) | Time:00:00.12 | Mem:41.42M, Peak:41.42M | Scene, ViewLayer | Updating Primitive Offsets
Fra:1 Mem:106.53M (Peak 106.53M) | Time:00:00.12 | Mem:41.42M, Peak:41.42M | Scene, ViewLayer | Updating Images
Fra:1 Mem:106.53M (Peak 106.53M) | Time:00:00.12 | Mem:41.42M, Peak:41.42M | Scene, ViewLayer | Updating Camera Volume
Fra:1 Mem:106.53M (Peak 106.53M) | Time:00:00.12 | Mem:41.42M, Peak:41.42M | Scene, ViewLayer | Updating Lookup Tables
Fra:1 Mem:106.53M (Peak 106.53M) | Time:00:00.12 | Mem:41.50M, Peak:41.50M | Scene, ViewLayer | Updating Lights
Fra:1 Mem:106.53M (Peak 106.53M) | Time:00:00.12 | Mem:41.50M, Peak:41.50M | Scene, ViewLayer | Updating Lights | Computing tree
Fra:1 Mem:106.53M (Peak 106.53M) | Time:00:00.12 | Mem:41.50M, Peak:41.50M | Scene, ViewLayer | Updating Integrator
Fra:1 Mem:106.53M (Peak 106.53M) | Time:00:00.12 | Mem:41.50M, Peak:41.50M | Scene, ViewLayer | Updating Film
Fra:1 Mem:106.54M (Peak 106.54M) | Time:00:00.12 | Mem:41.42M, Peak:41.50M | Scene, ViewLayer | Updating Lookup Tables
Fra:1 Mem:106.54M (Peak 106.54M) | Time:00:00.12 | Mem:41.50M, Peak:41.50M | Scene, ViewLayer | Updating Baking
Fra:1 Mem:106.54M (Peak 106.54M) | Time:00:00.12 | Mem:41.50M, Peak:41.50M | Scene, ViewLayer | Updating Device | Writing constant memory
Fra:1 Mem:106.54M (Peak 106.54M) | Time:00:00.12 | Mem:41.50M, Peak:41.50M | Scene, ViewLayer | Loading denoising kernels (may take a few minutes the first time)
Fra:1 Mem:106.54M (Peak 106.54M) | Time:00:00.12 | Mem:41.50M, Peak:41.50M | Scene, ViewLayer | Sample 0/32
Fra:1 Mem:194.28M (Peak 194.28M) | Time:00:01.71 | Remaining:00:49.19 | Mem:129.22M, Peak:129.22M | Scene, ViewLayer | Sample 1/32
Fra:1 Mem:194.28M (Peak 194.28M) | Time:00:23.50 | Remaining:00:20.62 | Mem:129.22M, Peak:129.22M | Scene, ViewLayer | Sample 17/32
Fra:1 Mem:231.21M (Peak 286.60M) | Time:00:41.86 | Mem:129.22M, Peak:129.22M | Scene, ViewLayer | Sample 32/32
Fra:1 Mem:231.21M (Peak 286.60M) | Time:00:41.86 | Mem:129.22M, Peak:129.22M | Scene, ViewLayer | Finished
Saved: '/Users/stephenhung/Documents/GitHub/agarstra/outputs/pokemon-remake/verification/tree-v2/front.png'
Time: 00:42.07 (Saving: 00:00.20)

Fra:1 Mem:61.68M (Peak 61.68M) | Time:00:00.00 | Mem:0.00M, Peak:0.00M | Scene, ViewLayer | Synchronizing object | Tree_v2_connected_branch_scaffold
Fra:1 Mem:61.68M (Peak 61.68M) | Time:00:00.00 | Mem:0.00M, Peak:0.00M | Scene, ViewLayer | Synchronizing object | Review floor
Fra:1 Mem:61.80M (Peak 61.80M) | Time:00:00.00 | Mem:0.00M, Peak:0.00M | Scene, ViewLayer | Synchronizing object | Fill
Fra:1 Mem:67.11M (Peak 69.72M) | Time:00:00.00 | Mem:0.00M, Peak:0.00M | Scene, ViewLayer | Initializing
Fra:1 Mem:67.09M (Peak 69.72M) | Time:00:00.00 | Mem:0.00M, Peak:0.00M | Scene, ViewLayer | Updating Images | Loading Tree v2 authored leaf veins
Fra:1 Mem:68.09M (Peak 69.72M) | Time:00:00.00 | Mem:0.00M, Peak:0.00M | Scene, ViewLayer | Updating Images | Loading source-bark-base
Fra:1 Mem:68.09M (Peak 69.72M) | Time:00:00.00 | Mem:0.00M, Peak:0.00M | Scene, ViewLayer | Updating Images | Loading source-bark-normal
Fra:1 Mem:99.78M (Peak 100.09M) | Time:00:00.00 | Mem:33.00M, Peak:33.00M | Scene, ViewLayer | Waiting for render to start
Fra:1 Mem:99.78M (Peak 100.09M) | Time:00:00.00 | Mem:33.00M, Peak:33.00M | Scene, ViewLayer | Updating Scene
Fra:1 Mem:99.78M (Peak 100.09M) | Time:00:00.01 | Mem:33.00M, Peak:33.00M | Scene, ViewLayer | Updating Shaders
Fra:1 Mem:99.86M (Peak 100.09M) | Time:00:00.01 | Mem:33.00M, Peak:33.00M | Scene, ViewLayer | Loading render kernels (may take a few minutes the first time)
Fra:1 Mem:99.86M (Peak 100.09M) | Time:00:00.01 | Mem:33.00M, Peak:33.00M | Scene, ViewLayer | Updating Procedurals
Fra:1 Mem:99.86M (Peak 100.09M) | Time:00:00.01 | Mem:33.00M, Peak:33.00M | Scene, ViewLayer | Updating Background
Fra:1 Mem:99.86M (Peak 100.09M) | Time:00:00.01 | Mem:33.00M, Peak:33.00M | Scene, ViewLayer | Updating Camera
Fra:1 Mem:99.86M (Peak 100.09M) | Time:00:00.01 | Mem:33.00M, Peak:33.00M | Scene, ViewLayer | Updating Meshes Flags
Fra:1 Mem:99.86M (Peak 100.09M) | Time:00:00.01 | Mem:33.00M, Peak:33.00M | Scene, ViewLayer | Updating Objects
Fra:1 Mem:99.86M (Peak 100.09M) | Time:00:00.01 | Mem:33.00M, Peak:33.00M | Scene, ViewLayer | Updating Objects | Copying Transformations to device
Fra:1 Mem:99.86M (Peak 100.09M) | Time:00:00.01 | Mem:33.00M, Peak:33.00M | Scene, ViewLayer | Updating Particle Systems
Fra:1 Mem:99.86M (Peak 100.09M) | Time:00:00.01 | Mem:33.00M, Peak:33.00M | Scene, ViewLayer | Updating Particle Systems | Copying Particles to device
Fra:1 Mem:99.86M (Peak 100.09M) | Time:00:00.01 | Mem:33.00M, Peak:33.00M | Scene, ViewLayer | Updating Meshes
Fra:1 Mem:101.06M (Peak 101.06M) | Time:00:00.01 | Mem:33.00M, Peak:33.00M | Scene, ViewLayer | Updating Objects | Applying Static Transformations
Fra:1 Mem:101.06M (Peak 101.06M) | Time:00:00.01 | Mem:33.00M, Peak:33.00M | Scene, ViewLayer | Updating Mesh | Computing attributes
Fra:1 Mem:104.14M (Peak 104.14M) | Time:00:00.02 | Mem:33.00M, Peak:33.00M | Scene, ViewLayer | Updating Mesh | Copying Attributes to device
Fra:1 Mem:104.14M (Peak 104.14M) | Time:00:00.02 | Mem:36.09M, Peak:36.09M | Scene, ViewLayer | Updating Scene BVH | Building
Fra:1 Mem:104.14M (Peak 104.14M) | Time:00:00.02 | Mem:36.09M, Peak:36.09M | Scene, ViewLayer | Updating Scene BVH | Building BVH
Fra:1 Mem:104.14M (Peak 104.14M) | Time:00:00.02 | Mem:37.43M, Peak:37.43M | Scene, ViewLayer | Updating Scene BVH | Building BVH 0%
Fra:1 Mem:104.14M (Peak 104.14M) | Time:00:00.02 | Mem:39.03M, Peak:40.37M | Scene, ViewLayer | Updating Scene BVH | Copying BVH to device
Fra:1 Mem:104.14M (Peak 104.14M) | Time:00:00.02 | Mem:39.03M, Peak:40.37M | Scene, ViewLayer | Updating Mesh | Computing normals
Fra:1 Mem:106.53M (Peak 106.53M) | Time:00:00.02 | Mem:39.03M, Peak:40.37M | Scene, ViewLayer | Updating Mesh | Copying Mesh to device
Fra:1 Mem:106.53M (Peak 106.53M) | Time:00:00.02 | Mem:41.42M, Peak:41.42M | Scene, ViewLayer | Updating Objects Flags
Fra:1 Mem:106.53M (Peak 106.53M) | Time:00:00.02 | Mem:41.42M, Peak:41.42M | Scene, ViewLayer | Updating Primitive Offsets
Fra:1 Mem:106.53M (Peak 106.53M) | Time:00:00.02 | Mem:41.42M, Peak:41.42M | Scene, ViewLayer | Updating Images
Fra:1 Mem:106.53M (Peak 106.53M) | Time:00:00.02 | Mem:41.42M, Peak:41.42M | Scene, ViewLayer | Updating Camera Volume
Fra:1 Mem:106.53M (Peak 106.53M) | Time:00:00.02 | Mem:41.42M, Peak:41.42M | Scene, ViewLayer | Updating Lookup Tables
Fra:1 Mem:106.53M (Peak 106.53M) | Time:00:00.02 | Mem:41.50M, Peak:41.50M | Scene, ViewLayer | Updating Lights
Fra:1 Mem:106.53M (Peak 106.53M) | Time:00:00.02 | Mem:41.50M, Peak:41.50M | Scene, ViewLayer | Updating Lights | Computing tree
Fra:1 Mem:106.53M (Peak 106.53M) | Time:00:00.02 | Mem:41.50M, Peak:41.50M | Scene, ViewLayer | Updating Integrator
Fra:1 Mem:106.53M (Peak 106.53M) | Time:00:00.02 | Mem:41.50M, Peak:41.50M | Scene, ViewLayer | Updating Film
Fra:1 Mem:106.54M (Peak 106.54M) | Time:00:00.02 | Mem:41.42M, Peak:41.50M | Scene, ViewLayer | Updating Lookup Tables
Fra:1 Mem:106.54M (Peak 106.54M) | Time:00:00.02 | Mem:41.50M, Peak:41.50M | Scene, ViewLayer | Updating Baking
Fra:1 Mem:106.54M (Peak 106.54M) | Time:00:00.02 | Mem:41.50M, Peak:41.50M | Scene, ViewLayer | Updating Device | Writing constant memory
Fra:1 Mem:106.54M (Peak 106.54M) | Time:00:00.02 | Mem:41.50M, Peak:41.50M | Scene, ViewLayer | Loading denoising kernels (may take a few minutes the first time)
Fra:1 Mem:106.54M (Peak 106.54M) | Time:00:00.02 | Mem:41.50M, Peak:41.50M | Scene, ViewLayer | Sample 0/32
Fra:1 Mem:194.28M (Peak 194.28M) | Time:00:00.92 | Remaining:00:27.84 | Mem:129.22M, Peak:129.22M | Scene, ViewLayer | Sample 1/32
Fra:1 Mem:231.21M (Peak 286.60M) | Time:00:33.42 | Mem:129.22M, Peak:129.22M | Scene, ViewLayer | Sample 32/32
Fra:1 Mem:231.21M (Peak 286.60M) | Time:00:33.42 | Mem:129.22M, Peak:129.22M | Scene, ViewLayer | Finished
Saved: '/Users/stephenhung/Documents/GitHub/agarstra/outputs/pokemon-remake/verification/tree-v2/back.png'
Time: 00:33.60 (Saving: 00:00.17)

Fra:1 Mem:61.68M (Peak 61.68M) | Time:00:00.00 | Mem:0.00M, Peak:0.00M | Scene, ViewLayer | Synchronizing object | Tree_v2_connected_branch_scaffold
Fra:1 Mem:61.68M (Peak 61.68M) | Time:00:00.00 | Mem:0.00M, Peak:0.00M | Scene, ViewLayer | Synchronizing object | Review floor
Fra:1 Mem:61.73M (Peak 61.73M) | Time:00:00.00 | Mem:0.00M, Peak:0.00M | Scene, ViewLayer | Synchronizing object | Fill
Fra:1 Mem:67.11M (Peak 69.24M) | Time:00:00.00 | Mem:0.00M, Peak:0.00M | Scene, ViewLayer | Initializing
Fra:1 Mem:67.09M (Peak 69.24M) | Time:00:00.00 | Mem:0.00M, Peak:0.00M | Scene, ViewLayer | Updating Images | Loading Tree v2 authored leaf veins
Fra:1 Mem:68.09M (Peak 69.24M) | Time:00:00.00 | Mem:0.00M, Peak:0.00M | Scene, ViewLayer | Updating Images | Loading source-bark-base
Fra:1 Mem:84.10M (Peak 84.10M) | Time:00:00.00 | Mem:1.00M, Peak:1.00M | Scene, ViewLayer | Updating Images | Loading source-bark-normal
Fra:1 Mem:99.78M (Peak 100.10M) | Time:00:00.00 | Mem:33.00M, Peak:33.00M | Scene, ViewLayer | Waiting for render to start
Fra:1 Mem:99.78M (Peak 100.10M) | Time:00:00.00 | Mem:33.00M, Peak:33.00M | Scene, ViewLayer | Updating Scene
Fra:1 Mem:99.78M (Peak 100.10M) | Time:00:00.00 | Mem:33.00M, Peak:33.00M | Scene, ViewLayer | Updating Shaders
Fra:1 Mem:99.86M (Peak 100.10M) | Time:00:00.00 | Mem:33.00M, Peak:33.00M | Scene, ViewLayer | Loading render kernels (may take a few minutes the first time)
Fra:1 Mem:99.86M (Peak 100.10M) | Time:00:00.00 | Mem:33.00M, Peak:33.00M | Scene, ViewLayer | Updating Procedurals
Fra:1 Mem:99.86M (Peak 100.10M) | Time:00:00.00 | Mem:33.00M, Peak:33.00M | Scene, ViewLayer | Updating Background
Fra:1 Mem:99.86M (Peak 100.10M) | Time:00:00.00 | Mem:33.00M, Peak:33.00M | Scene, ViewLayer | Updating Camera
Fra:1 Mem:99.86M (Peak 100.10M) | Time:00:00.00 | Mem:33.00M, Peak:33.00M | Scene, ViewLayer | Updating Meshes Flags
Fra:1 Mem:99.86M (Peak 100.10M) | Time:00:00.00 | Mem:33.00M, Peak:33.00M | Scene, ViewLayer | Updating Objects
Fra:1 Mem:99.86M (Peak 100.10M) | Time:00:00.00 | Mem:33.00M, Peak:33.00M | Scene, ViewLayer | Updating Objects | Copying Transformations to device
Fra:1 Mem:99.86M (Peak 100.10M) | Time:00:00.00 | Mem:33.00M, Peak:33.00M | Scene, ViewLayer | Updating Particle Systems
Fra:1 Mem:99.86M (Peak 100.10M) | Time:00:00.00 | Mem:33.00M, Peak:33.00M | Scene, ViewLayer | Updating Particle Systems | Copying Particles to device
Fra:1 Mem:99.86M (Peak 100.10M) | Time:00:00.00 | Mem:33.00M, Peak:33.00M | Scene, ViewLayer | Updating Meshes
Fra:1 Mem:101.06M (Peak 101.06M) | Time:00:00.02 | Mem:33.00M, Peak:33.00M | Scene, ViewLayer | Updating Objects | Applying Static Transformations
Fra:1 Mem:101.06M (Peak 101.06M) | Time:00:00.02 | Mem:33.00M, Peak:33.00M | Scene, ViewLayer | Updating Mesh | Computing attributes
Fra:1 Mem:104.14M (Peak 104.14M) | Time:00:00.02 | Mem:33.00M, Peak:33.00M | Scene, ViewLayer | Updating Mesh | Copying Attributes to device
Fra:1 Mem:104.14M (Peak 104.14M) | Time:00:00.02 | Mem:36.09M, Peak:36.09M | Scene, ViewLayer | Updating Scene BVH | Building
Fra:1 Mem:104.14M (Peak 104.14M) | Time:00:00.02 | Mem:36.09M, Peak:36.09M | Scene, ViewLayer | Updating Scene BVH | Building BVH
Fra:1 Mem:104.14M (Peak 104.14M) | Time:00:00.02 | Mem:37.43M, Peak:37.43M | Scene, ViewLayer | Updating Scene BVH | Building BVH 0%
Fra:1 Mem:104.14M (Peak 104.14M) | Time:00:00.03 | Mem:39.03M, Peak:40.37M | Scene, ViewLayer | Updating Scene BVH | Copying BVH to device
Fra:1 Mem:104.14M (Peak 104.14M) | Time:00:00.03 | Mem:39.03M, Peak:40.37M | Scene, ViewLayer | Updating Mesh | Computing normals
Fra:1 Mem:106.53M (Peak 106.53M) | Time:00:00.03 | Mem:39.03M, Peak:40.37M | Scene, ViewLayer | Updating Mesh | Copying Mesh to device
Fra:1 Mem:106.53M (Peak 106.53M) | Time:00:00.03 | Mem:41.42M, Peak:41.42M | Scene, ViewLayer | Updating Objects Flags
Fra:1 Mem:106.53M (Peak 106.53M) | Time:00:00.03 | Mem:41.42M, Peak:41.42M | Scene, ViewLayer | Updating Primitive Offsets
Fra:1 Mem:106.53M (Peak 106.53M) | Time:00:00.03 | Mem:41.42M, Peak:41.42M | Scene, ViewLayer | Updating Images
Fra:1 Mem:106.53M (Peak 106.53M) | Time:00:00.03 | Mem:41.42M, Peak:41.42M | Scene, ViewLayer | Updating Camera Volume
Fra:1 Mem:106.53M (Peak 106.53M) | Time:00:00.03 | Mem:41.42M, Peak:41.42M | Scene, ViewLayer | Updating Lookup Tables
Fra:1 Mem:106.53M (Peak 106.53M) | Time:00:00.03 | Mem:41.50M, Peak:41.50M | Scene, ViewLayer | Updating Lights
Fra:1 Mem:106.53M (Peak 106.53M) | Time:00:00.03 | Mem:41.50M, Peak:41.50M | Scene, ViewLayer | Updating Lights | Computing tree
Fra:1 Mem:106.53M (Peak 106.53M) | Time:00:00.03 | Mem:41.50M, Peak:41.50M | Scene, ViewLayer | Updating Integrator
Fra:1 Mem:106.53M (Peak 106.53M) | Time:00:00.03 | Mem:41.50M, Peak:41.50M | Scene, ViewLayer | Updating Film
Fra:1 Mem:106.54M (Peak 106.54M) | Time:00:00.03 | Mem:41.42M, Peak:41.50M | Scene, ViewLayer | Updating Lookup Tables
Fra:1 Mem:106.54M (Peak 106.54M) | Time:00:00.03 | Mem:41.50M, Peak:41.50M | Scene, ViewLayer | Updating Baking
Fra:1 Mem:106.54M (Peak 106.54M) | Time:00:00.03 | Mem:41.50M, Peak:41.50M | Scene, ViewLayer | Updating Device | Writing constant memory
Fra:1 Mem:106.54M (Peak 106.54M) | Time:00:00.03 | Mem:41.50M, Peak:41.50M | Scene, ViewLayer | Loading denoising kernels (may take a few minutes the first time)
Fra:1 Mem:106.54M (Peak 106.54M) | Time:00:00.03 | Mem:41.50M, Peak:41.50M | Scene, ViewLayer | Sample 0/32
Fra:1 Mem:194.28M (Peak 194.28M) | Time:00:01.29 | Remaining:00:39.25 | Mem:129.22M, Peak:129.22M | Scene, ViewLayer | Sample 1/32
Fra:1 Mem:194.28M (Peak 194.28M) | Time:00:23.14 | Remaining:00:20.38 | Mem:129.22M, Peak:129.22M | Scene, ViewLayer | Sample 17/32
Fra:1 Mem:231.21M (Peak 286.60M) | Time:00:45.08 | Mem:129.22M, Peak:129.22M | Scene, ViewLayer | Sample 32/32
Fra:1 Mem:231.21M (Peak 286.60M) | Time:00:45.08 | Mem:129.22M, Peak:129.22M | Scene, ViewLayer | Finished
Saved: '/Users/stephenhung/Documents/GitHub/agarstra/outputs/pokemon-remake/verification/tree-v2/gameplay.png'
Time: 00:45.20 (Saving: 00:00.11)

Info: No new files have been packed
Info: Saved as "actual-export-review.blend"
16:41:28 | INFO: Data are loaded, start creating Blender stuff
16:41:28 | INFO: Blender create Mesh node material
16:41:28 | INFO: Blender create Mesh node Authored_individual_leaf_sprays
16:41:28 | INFO: glTF import finished in 0.09s
Fra:1 Mem:108.40M (Peak 108.40M) | Time:00:00.00 | Mem:0.00M, Peak:0.00M | Scene, ViewLayer | Synchronizing object | Tree_v2_connected_branch_scaffold
Fra:1 Mem:108.41M (Peak 108.41M) | Time:00:00.00 | Mem:0.00M, Peak:0.00M | Scene, ViewLayer | Synchronizing object | Key
Fra:1 Mem:108.41M (Peak 108.41M) | Time:00:00.00 | Mem:0.00M, Peak:0.00M | Scene, ViewLayer | Synchronizing object | Pallet_Broadleaf_Foliage
Fra:1 Mem:109.65M (Peak 109.65M) | Time:00:00.00 | Mem:0.00M, Peak:0.00M | Scene, ViewLayer | Synchronizing object | Fill
Fra:1 Mem:110.56M (Peak 110.56M) | Time:00:00.00 | Mem:0.00M, Peak:0.00M | Scene, ViewLayer | Synchronizing object | Review floor
Fra:1 Mem:111.55M (Peak 111.55M) | Time:00:00.00 | Mem:0.00M, Peak:0.00M | Scene, ViewLayer | Synchronizing object | Pallet_Broadleaf_Tree
Fra:1 Mem:121.88M (Peak 124.02M) | Time:00:00.00 | Mem:0.00M, Peak:0.00M | Scene, ViewLayer | Initializing
Fra:1 Mem:121.86M (Peak 124.02M) | Time:00:00.00 | Mem:0.00M, Peak:0.00M | Scene, ViewLayer | Updating Images | Loading texture_pbr_20250901_normal
Fra:1 Mem:121.86M (Peak 124.02M) | Time:00:00.00 | Mem:0.00M, Peak:0.00M | Scene, ViewLayer | Updating Images | Loading Tree v2 authored leaf veins
Fra:1 Mem:218.87M (Peak 218.87M) | Time:00:00.00 | Mem:1.00M, Peak:1.00M | Scene, ViewLayer | Updating Images | Loading texture_pbr_20250901
Fra:1 Mem:282.87M (Peak 282.87M) | Time:00:00.00 | Mem:17.00M, Peak:17.00M | Scene, ViewLayer | Updating Images | Loading texture_pbr_20250901_metallic-texture_pbr_20250901_roughness
Fra:1 Mem:346.37M (Peak 410.88M) | Time:00:00.48 | Mem:225.00M, Peak:225.00M | Scene, ViewLayer | Waiting for render to start
Fra:1 Mem:346.37M (Peak 410.88M) | Time:00:00.48 | Mem:225.00M, Peak:225.00M | Scene, ViewLayer | Updating Scene
Fra:1 Mem:346.37M (Peak 410.88M) | Time:00:00.48 | Mem:225.00M, Peak:225.00M | Scene, ViewLayer | Updating Shaders
Fra:1 Mem:346.46M (Peak 410.88M) | Time:00:00.48 | Mem:225.00M, Peak:225.00M | Scene, ViewLayer | Loading render kernels (may take a few minutes the first time)
Fra:1 Mem:346.46M (Peak 410.88M) | Time:00:00.48 | Mem:225.00M, Peak:225.00M | Scene, ViewLayer | Updating Procedurals
Fra:1 Mem:346.46M (Peak 410.88M) | Time:00:00.48 | Mem:225.00M, Peak:225.00M | Scene, ViewLayer | Updating Background
Fra:1 Mem:346.46M (Peak 410.88M) | Time:00:00.48 | Mem:225.00M, Peak:225.00M | Scene, ViewLayer | Updating Camera
Fra:1 Mem:346.46M (Peak 410.88M) | Time:00:00.48 | Mem:225.00M, Peak:225.00M | Scene, ViewLayer | Updating Meshes Flags
Fra:1 Mem:346.46M (Peak 410.88M) | Time:00:00.48 | Mem:225.00M, Peak:225.00M | Scene, ViewLayer | Updating Objects
Fra:1 Mem:346.46M (Peak 410.88M) | Time:00:00.48 | Mem:225.00M, Peak:225.00M | Scene, ViewLayer | Updating Objects | Copying Transformations to device
Fra:1 Mem:346.46M (Peak 410.88M) | Time:00:00.48 | Mem:225.01M, Peak:225.01M | Scene, ViewLayer | Updating Particle Systems
Fra:1 Mem:346.46M (Peak 410.88M) | Time:00:00.48 | Mem:225.01M, Peak:225.01M | Scene, ViewLayer | Updating Particle Systems | Copying Particles to device
Fra:1 Mem:346.46M (Peak 410.88M) | Time:00:00.48 | Mem:225.01M, Peak:225.01M | Scene, ViewLayer | Updating Meshes
Fra:1 Mem:348.39M (Peak 410.88M) | Time:00:00.50 | Mem:225.01M, Peak:225.01M | Scene, ViewLayer | Updating Objects | Applying Static Transformations
Fra:1 Mem:348.39M (Peak 410.88M) | Time:00:00.50 | Mem:225.01M, Peak:225.01M | Scene, ViewLayer | Updating Mesh | Computing attributes
Fra:1 Mem:353.71M (Peak 410.88M) | Time:00:00.50 | Mem:225.01M, Peak:225.01M | Scene, ViewLayer | Updating Mesh | Copying Attributes to device
Fra:1 Mem:353.71M (Peak 410.88M) | Time:00:00.50 | Mem:230.32M, Peak:230.32M | Scene, ViewLayer | Updating Scene BVH | Building
Fra:1 Mem:353.71M (Peak 410.88M) | Time:00:00.50 | Mem:230.32M, Peak:230.32M | Scene, ViewLayer | Updating Scene BVH | Building BVH
Fra:1 Mem:353.71M (Peak 410.88M) | Time:00:00.50 | Mem:233.54M, Peak:233.54M | Scene, ViewLayer | Updating Scene BVH | Building BVH 0%
Fra:1 Mem:353.71M (Peak 410.88M) | Time:00:00.51 | Mem:237.38M, Peak:240.59M | Scene, ViewLayer | Updating Scene BVH | Copying BVH to device
Fra:1 Mem:353.71M (Peak 410.88M) | Time:00:00.51 | Mem:237.38M, Peak:240.59M | Scene, ViewLayer | Updating Mesh | Computing normals
Fra:1 Mem:358.61M (Peak 410.88M) | Time:00:00.51 | Mem:237.38M, Peak:240.59M | Scene, ViewLayer | Updating Mesh | Copying Mesh to device
Fra:1 Mem:358.61M (Peak 410.88M) | Time:00:00.51 | Mem:242.28M, Peak:242.28M | Scene, ViewLayer | Updating Objects Flags
Fra:1 Mem:358.61M (Peak 410.88M) | Time:00:00.51 | Mem:242.28M, Peak:242.28M | Scene, ViewLayer | Updating Primitive Offsets
Fra:1 Mem:358.61M (Peak 410.88M) | Time:00:00.51 | Mem:242.28M, Peak:242.28M | Scene, ViewLayer | Updating Images
Fra:1 Mem:358.61M (Peak 410.88M) | Time:00:00.51 | Mem:242.28M, Peak:242.28M | Scene, ViewLayer | Updating Camera Volume
Fra:1 Mem:358.61M (Peak 410.88M) | Time:00:00.51 | Mem:242.28M, Peak:242.28M | Scene, ViewLayer | Updating Lookup Tables
Fra:1 Mem:358.61M (Peak 410.88M) | Time:00:00.51 | Mem:242.36M, Peak:242.36M | Scene, ViewLayer | Updating Lights
Fra:1 Mem:358.61M (Peak 410.88M) | Time:00:00.51 | Mem:242.36M, Peak:242.36M | Scene, ViewLayer | Updating Lights | Computing tree
Fra:1 Mem:358.61M (Peak 410.88M) | Time:00:00.51 | Mem:242.36M, Peak:242.36M | Scene, ViewLayer | Updating Integrator
Fra:1 Mem:358.61M (Peak 410.88M) | Time:00:00.51 | Mem:242.36M, Peak:242.36M | Scene, ViewLayer | Updating Film
Fra:1 Mem:358.62M (Peak 410.88M) | Time:00:00.51 | Mem:242.28M, Peak:242.36M | Scene, ViewLayer | Updating Lookup Tables
Fra:1 Mem:358.62M (Peak 410.88M) | Time:00:00.51 | Mem:242.37M, Peak:242.37M | Scene, ViewLayer | Updating Baking
Fra:1 Mem:358.62M (Peak 410.88M) | Time:00:00.51 | Mem:242.37M, Peak:242.37M | Scene, ViewLayer | Updating Device | Writing constant memory
Fra:1 Mem:358.62M (Peak 410.88M) | Time:00:00.51 | Mem:242.37M, Peak:242.37M | Scene, ViewLayer | Loading denoising kernels (may take a few minutes the first time)
Fra:1 Mem:358.62M (Peak 410.88M) | Time:00:00.51 | Mem:242.37M, Peak:242.37M | Scene, ViewLayer | Sample 0/32
Fra:1 Mem:446.36M (Peak 446.36M) | Time:00:01.39 | Remaining:00:27.20 | Mem:330.08M, Peak:330.08M | Scene, ViewLayer | Sample 1/32
Fra:1 Mem:483.29M (Peak 538.68M) | Time:00:28.68 | Mem:330.08M, Peak:330.08M | Scene, ViewLayer | Sample 32/32
Fra:1 Mem:483.29M (Peak 538.68M) | Time:00:28.68 | Mem:330.08M, Peak:330.08M | Scene, ViewLayer | Finished
Saved: '/Users/stephenhung/Documents/GitHub/agarstra/outputs/pokemon-remake/verification/tree-v2/comparison-v1-left-v2-right.png'
Time: 00:28.83 (Saving: 00:00.15)

EXPORT_VERIFIED {"status": "candidate; pending image review", "glbSHA256": "a3e36ae2253ac7a34a73b83ce3ac94ffc584dda1e95dc58d5e0bfde963272aea", "bytes": 11334056, "meshCount": 2, "materialCount": 2, "triangles": 43886, "boundsBlender": {"min": [-1.778658390045166, -1.789629578590393, 0.0], "max": [1.8125954866409302, 1.709774374961853, 3.799999713897705]}, "dimensions": [3.5912537574768066, 3.499403953552246, 3.799999713897705], "gltfUp": "+Y", "origin": "grounded trunk root at origin; canopy is intentionally asymmetric", "images": [{"name": "source-bark-base", "size": [2048, 2048], "packed": true}, {"name": "source-bark-normal", "size": [2048, 2048], "packed": true}, {"name": "Tree v2 authored leaf veins", "size": [512, 512], "packed": true}], "externalResources": [], "actualExportReimported": true}

Blender quit
