16:29:15 | INFO: Data are loaded, start creating Blender stuff
16:29:15 | INFO: Blender create Mesh node char1
16:29:15 | INFO: glTF import finished in 0.13s
Blender 4.5.0 (hash 8cb6b388974a built 2025-07-15 01:35:28)
Fra:1 Mem:25.62M (Peak 25.62M) | Time:00:00.03 | Mem:0.00M, Peak:0.00M | Scene, ViewLayer | Synchronizing object | char1
Fra:1 Mem:25.62M (Peak 25.62M) | Time:00:00.03 | Mem:0.00M, Peak:0.00M | Scene, ViewLayer | Synchronizing object | Fill
Fra:1 Mem:31.10M (Peak 36.48M) | Time:00:00.04 | Mem:0.00M, Peak:0.00M | Scene, ViewLayer | Initializing
Fra:1 Mem:30.01M (Peak 36.48M) | Time:00:00.04 | Mem:0.00M, Peak:0.00M | Scene, ViewLayer | Updating Images | Loading texture_0
Fra:1 Mem:44.76M (Peak 62.02M) | Time:00:00.13 | Mem:16.00M, Peak:16.00M | Scene, ViewLayer | Waiting for render to start
Fra:1 Mem:44.76M (Peak 62.02M) | Time:00:00.13 | Mem:16.00M, Peak:16.00M | Scene, ViewLayer | Updating Scene
Fra:1 Mem:44.76M (Peak 62.02M) | Time:00:00.13 | Mem:16.00M, Peak:16.00M | Scene, ViewLayer | Updating Shaders
Fra:1 Mem:44.84M (Peak 62.02M) | Time:00:00.13 | Mem:16.00M, Peak:16.00M | Scene, ViewLayer | Loading render kernels (may take a few minutes the first time)
Fra:1 Mem:44.84M (Peak 62.02M) | Time:00:00.13 | Mem:16.00M, Peak:16.00M | Scene, ViewLayer | Updating Procedurals
Fra:1 Mem:44.84M (Peak 62.02M) | Time:00:00.13 | Mem:16.00M, Peak:16.00M | Scene, ViewLayer | Updating Background
Fra:1 Mem:44.84M (Peak 62.02M) | Time:00:00.13 | Mem:16.00M, Peak:16.00M | Scene, ViewLayer | Updating Camera
Fra:1 Mem:44.84M (Peak 62.02M) | Time:00:00.13 | Mem:16.00M, Peak:16.00M | Scene, ViewLayer | Updating Meshes Flags
Fra:1 Mem:44.84M (Peak 62.02M) | Time:00:00.13 | Mem:16.00M, Peak:16.00M | Scene, ViewLayer | Updating Objects
Fra:1 Mem:44.84M (Peak 62.02M) | Time:00:00.13 | Mem:16.00M, Peak:16.00M | Scene, ViewLayer | Updating Objects | Copying Transformations to device
Fra:1 Mem:44.84M (Peak 62.02M) | Time:00:00.13 | Mem:16.00M, Peak:16.00M | Scene, ViewLayer | Updating Particle Systems
Fra:1 Mem:44.84M (Peak 62.02M) | Time:00:00.13 | Mem:16.00M, Peak:16.00M | Scene, ViewLayer | Updating Particle Systems | Copying Particles to device
Fra:1 Mem:44.84M (Peak 62.02M) | Time:00:00.13 | Mem:16.00M, Peak:16.00M | Scene, ViewLayer | Updating Meshes
Fra:1 Mem:44.84M (Peak 62.02M) | Time:00:00.13 | Mem:16.00M, Peak:16.00M | Scene, ViewLayer | Updating Objects | Applying Static Transformations
Fra:1 Mem:44.84M (Peak 62.02M) | Time:00:00.13 | Mem:16.00M, Peak:16.00M | Scene, ViewLayer | Updating Mesh | Computing attributes
Fra:1 Mem:45.92M (Peak 62.02M) | Time:00:00.13 | Mem:16.00M, Peak:16.00M | Scene, ViewLayer | Updating Mesh | Copying Attributes to device
Fra:1 Mem:45.92M (Peak 62.02M) | Time:00:00.13 | Mem:17.07M, Peak:17.07M | Scene, ViewLayer | Updating Scene BVH | Building
Fra:1 Mem:45.92M (Peak 62.02M) | Time:00:00.13 | Mem:17.07M, Peak:17.07M | Scene, ViewLayer | Updating Scene BVH | Building BVH
Fra:1 Mem:45.92M (Peak 62.02M) | Time:00:00.13 | Mem:18.02M, Peak:18.02M | Scene, ViewLayer | Updating Scene BVH | Building BVH 0%
Fra:1 Mem:45.92M (Peak 62.02M) | Time:00:00.13 | Mem:19.16M, Peak:20.11M | Scene, ViewLayer | Updating Scene BVH | Copying BVH to device
Fra:1 Mem:45.92M (Peak 62.02M) | Time:00:00.13 | Mem:19.16M, Peak:20.11M | Scene, ViewLayer | Updating Mesh | Computing normals
Fra:1 Mem:47.11M (Peak 62.02M) | Time:00:00.13 | Mem:19.16M, Peak:20.11M | Scene, ViewLayer | Updating Mesh | Copying Mesh to device
Fra:1 Mem:47.11M (Peak 62.02M) | Time:00:00.13 | Mem:20.35M, Peak:20.35M | Scene, ViewLayer | Updating Objects Flags
Fra:1 Mem:47.11M (Peak 62.02M) | Time:00:00.13 | Mem:20.35M, Peak:20.35M | Scene, ViewLayer | Updating Primitive Offsets
Fra:1 Mem:47.11M (Peak 62.02M) | Time:00:00.13 | Mem:20.35M, Peak:20.35M | Scene, ViewLayer | Updating Images
Fra:1 Mem:47.11M (Peak 62.02M) | Time:00:00.13 | Mem:20.35M, Peak:20.35M | Scene, ViewLayer | Updating Camera Volume
Fra:1 Mem:47.11M (Peak 62.02M) | Time:00:00.13 | Mem:20.35M, Peak:20.35M | Scene, ViewLayer | Updating Lookup Tables
Fra:1 Mem:47.11M (Peak 62.02M) | Time:00:00.13 | Mem:20.43M, Peak:20.43M | Scene, ViewLayer | Updating Lights
Fra:1 Mem:47.11M (Peak 62.02M) | Time:00:00.13 | Mem:20.43M, Peak:20.43M | Scene, ViewLayer | Updating Lights | Computing tree
Fra:1 Mem:52.92M (Peak 62.02M) | Time:00:00.17 | Mem:26.25M, Peak:26.25M | Scene, ViewLayer | Updating Integrator
Fra:1 Mem:52.92M (Peak 62.02M) | Time:00:00.17 | Mem:26.25M, Peak:26.25M | Scene, ViewLayer | Updating Film
Fra:1 Mem:52.93M (Peak 62.02M) | Time:00:00.17 | Mem:26.17M, Peak:26.25M | Scene, ViewLayer | Updating Lookup Tables
Fra:1 Mem:52.93M (Peak 62.02M) | Time:00:00.17 | Mem:26.25M, Peak:26.25M | Scene, ViewLayer | Updating Baking
Fra:1 Mem:52.93M (Peak 62.02M) | Time:00:00.17 | Mem:26.25M, Peak:26.25M | Scene, ViewLayer | Updating Device | Writing constant memory
Fra:1 Mem:52.93M (Peak 62.02M) | Time:00:00.17 | Mem:26.25M, Peak:26.25M | Scene, ViewLayer | Loading denoising kernels (may take a few minutes the first time)
Fra:1 Mem:52.93M (Peak 62.02M) | Time:00:00.17 | Mem:26.25M, Peak:26.25M | Scene, ViewLayer | Sample 0/24
Fra:1 Mem:118.32M (Peak 118.32M) | Time:00:00.22 | Remaining:00:01.31 | Mem:91.49M, Peak:91.49M | Scene, ViewLayer | Sample 1/24
Fra:1 Mem:145.79M (Peak 186.99M) | Time:00:03.85 | Mem:91.49M, Peak:91.49M | Scene, ViewLayer | Sample 24/24
Fra:1 Mem:145.79M (Peak 186.99M) | Time:00:03.85 | Mem:91.49M, Peak:91.49M | Scene, ViewLayer | Finished
Saved: '/Users/stephenhung/Documents/GitHub/agarstra/outputs/pokemon-remake/verification/trainer-direct/front-frame-1.png'
Time: 00:03.97 (Saving: 00:00.11)

Fra:31 Mem:28.45M (Peak 28.45M) | Time:00:00.00 | Mem:0.00M, Peak:0.00M | Scene, ViewLayer | Synchronizing object | char1
Fra:31 Mem:28.45M (Peak 28.45M) | Time:00:00.00 | Mem:0.00M, Peak:0.00M | Scene, ViewLayer | Synchronizing object | Rim
Fra:31 Mem:31.10M (Peak 36.48M) | Time:00:00.01 | Mem:0.00M, Peak:0.00M | Scene, ViewLayer | Initializing
Fra:31 Mem:30.01M (Peak 36.48M) | Time:00:00.01 | Mem:0.00M, Peak:0.00M | Scene, ViewLayer | Updating Images | Loading texture_0
Fra:31 Mem:44.76M (Peak 62.02M) | Time:00:00.11 | Mem:16.00M, Peak:16.00M | Scene, ViewLayer | Waiting for render to start
Fra:31 Mem:44.76M (Peak 62.02M) | Time:00:00.11 | Mem:16.00M, Peak:16.00M | Scene, ViewLayer | Updating Scene
Fra:31 Mem:44.76M (Peak 62.02M) | Time:00:00.11 | Mem:16.00M, Peak:16.00M | Scene, ViewLayer | Updating Shaders
Fra:31 Mem:44.84M (Peak 62.02M) | Time:00:00.11 | Mem:16.00M, Peak:16.00M | Scene, ViewLayer | Loading render kernels (may take a few minutes the first time)
Fra:31 Mem:44.84M (Peak 62.02M) | Time:00:00.11 | Mem:16.00M, Peak:16.00M | Scene, ViewLayer | Updating Procedurals
Fra:31 Mem:44.84M (Peak 62.02M) | Time:00:00.11 | Mem:16.00M, Peak:16.00M | Scene, ViewLayer | Updating Background
Fra:31 Mem:44.84M (Peak 62.02M) | Time:00:00.11 | Mem:16.00M, Peak:16.00M | Scene, ViewLayer | Updating Camera
Fra:31 Mem:44.84M (Peak 62.02M) | Time:00:00.11 | Mem:16.00M, Peak:16.00M | Scene, ViewLayer | Updating Meshes Flags
Fra:31 Mem:44.84M (Peak 62.02M) | Time:00:00.11 | Mem:16.00M, Peak:16.00M | Scene, ViewLayer | Updating Objects
Fra:31 Mem:44.84M (Peak 62.02M) | Time:00:00.11 | Mem:16.00M, Peak:16.00M | Scene, ViewLayer | Updating Objects | Copying Transformations to device
Fra:31 Mem:44.84M (Peak 62.02M) | Time:00:00.11 | Mem:16.00M, Peak:16.00M | Scene, ViewLayer | Updating Particle Systems
Fra:31 Mem:44.84M (Peak 62.02M) | Time:00:00.11 | Mem:16.00M, Peak:16.00M | Scene, ViewLayer | Updating Particle Systems | Copying Particles to device
Fra:31 Mem:44.84M (Peak 62.02M) | Time:00:00.11 | Mem:16.00M, Peak:16.00M | Scene, ViewLayer | Updating Meshes
Fra:31 Mem:44.84M (Peak 62.02M) | Time:00:00.11 | Mem:16.00M, Peak:16.00M | Scene, ViewLayer | Updating Objects | Applying Static Transformations
Fra:31 Mem:44.84M (Peak 62.02M) | Time:00:00.11 | Mem:16.00M, Peak:16.00M | Scene, ViewLayer | Updating Mesh | Computing attributes
Fra:31 Mem:45.92M (Peak 62.02M) | Time:00:00.11 | Mem:16.00M, Peak:16.00M | Scene, ViewLayer | Updating Mesh | Copying Attributes to device
Fra:31 Mem:45.92M (Peak 62.02M) | Time:00:00.11 | Mem:17.07M, Peak:17.07M | Scene, ViewLayer | Updating Scene BVH | Building
Fra:31 Mem:45.92M (Peak 62.02M) | Time:00:00.11 | Mem:17.07M, Peak:17.07M | Scene, ViewLayer | Updating Scene BVH | Building BVH
Fra:31 Mem:45.92M (Peak 62.02M) | Time:00:00.11 | Mem:18.02M, Peak:18.02M | Scene, ViewLayer | Updating Scene BVH | Building BVH 0%
Fra:31 Mem:45.92M (Peak 62.02M) | Time:00:00.11 | Mem:19.16M, Peak:20.11M | Scene, ViewLayer | Updating Scene BVH | Copying BVH to device
Fra:31 Mem:45.92M (Peak 62.02M) | Time:00:00.11 | Mem:19.16M, Peak:20.11M | Scene, ViewLayer | Updating Mesh | Computing normals
Fra:31 Mem:47.11M (Peak 62.02M) | Time:00:00.11 | Mem:19.16M, Peak:20.11M | Scene, ViewLayer | Updating Mesh | Copying Mesh to device
Fra:31 Mem:47.11M (Peak 62.02M) | Time:00:00.11 | Mem:20.35M, Peak:20.35M | Scene, ViewLayer | Updating Objects Flags
Fra:31 Mem:47.11M (Peak 62.02M) | Time:00:00.11 | Mem:20.35M, Peak:20.35M | Scene, ViewLayer | Updating Primitive Offsets
Fra:31 Mem:47.11M (Peak 62.02M) | Time:00:00.11 | Mem:20.35M, Peak:20.35M | Scene, ViewLayer | Updating Images
Fra:31 Mem:47.11M (Peak 62.02M) | Time:00:00.11 | Mem:20.35M, Peak:20.35M | Scene, ViewLayer | Updating Camera Volume
Fra:31 Mem:47.11M (Peak 62.02M) | Time:00:00.11 | Mem:20.35M, Peak:20.35M | Scene, ViewLayer | Updating Lookup Tables
Fra:31 Mem:47.11M (Peak 62.02M) | Time:00:00.11 | Mem:20.43M, Peak:20.43M | Scene, ViewLayer | Updating Lights
Fra:31 Mem:47.11M (Peak 62.02M) | Time:00:00.11 | Mem:20.43M, Peak:20.43M | Scene, ViewLayer | Updating Lights | Computing tree
Fra:31 Mem:52.92M (Peak 62.02M) | Time:00:00.15 | Mem:26.25M, Peak:26.25M | Scene, ViewLayer | Updating Integrator
Fra:31 Mem:52.92M (Peak 62.02M) | Time:00:00.15 | Mem:26.25M, Peak:26.25M | Scene, ViewLayer | Updating Film
Fra:31 Mem:52.93M (Peak 62.02M) | Time:00:00.15 | Mem:26.17M, Peak:26.25M | Scene, ViewLayer | Updating Lookup Tables
Fra:31 Mem:52.93M (Peak 62.02M) | Time:00:00.15 | Mem:26.25M, Peak:26.25M | Scene, ViewLayer | Updating Baking
Fra:31 Mem:52.93M (Peak 62.02M) | Time:00:00.15 | Mem:26.25M, Peak:26.25M | Scene, ViewLayer | Updating Device | Writing constant memory
Fra:31 Mem:52.93M (Peak 62.02M) | Time:00:00.15 | Mem:26.25M, Peak:26.25M | Scene, ViewLayer | Loading denoising kernels (may take a few minutes the first time)
Fra:31 Mem:52.93M (Peak 62.02M) | Time:00:00.15 | Mem:26.25M, Peak:26.25M | Scene, ViewLayer | Sample 0/24
Fra:31 Mem:118.32M (Peak 118.32M) | Time:00:00.21 | Remaining:00:01.42 | Mem:91.49M, Peak:91.49M | Scene, ViewLayer | Sample 1/24
Fra:31 Mem:145.79M (Peak 186.99M) | Time:00:03.42 | Mem:91.49M, Peak:91.49M | Scene, ViewLayer | Sample 24/24
Fra:31 Mem:145.79M (Peak 186.99M) | Time:00:03.42 | Mem:91.49M, Peak:91.49M | Scene, ViewLayer | Finished
Saved: '/Users/stephenhung/Documents/GitHub/agarstra/outputs/pokemon-remake/verification/trainer-direct/front-frame-31.png'
Time: 00:03.48 (Saving: 00:00.05)

Fra:61 Mem:28.45M (Peak 28.45M) | Time:00:00.00 | Mem:0.00M, Peak:0.00M | Scene, ViewLayer | Synchronizing object | char1
Fra:61 Mem:28.45M (Peak 28.45M) | Time:00:00.00 | Mem:0.00M, Peak:0.00M | Scene, ViewLayer | Synchronizing object | Fill
Fra:61 Mem:31.10M (Peak 36.48M) | Time:00:00.01 | Mem:0.00M, Peak:0.00M | Scene, ViewLayer | Initializing
Fra:61 Mem:30.01M (Peak 36.48M) | Time:00:00.01 | Mem:0.00M, Peak:0.00M | Scene, ViewLayer | Updating Images | Loading texture_0
Fra:61 Mem:44.76M (Peak 62.02M) | Time:00:00.10 | Mem:16.00M, Peak:16.00M | Scene, ViewLayer | Waiting for render to start
Fra:61 Mem:44.76M (Peak 62.02M) | Time:00:00.10 | Mem:16.00M, Peak:16.00M | Scene, ViewLayer | Updating Scene
Fra:61 Mem:44.76M (Peak 62.02M) | Time:00:00.10 | Mem:16.00M, Peak:16.00M | Scene, ViewLayer | Updating Shaders
Fra:61 Mem:44.84M (Peak 62.02M) | Time:00:00.10 | Mem:16.00M, Peak:16.00M | Scene, ViewLayer | Loading render kernels (may take a few minutes the first time)
Fra:61 Mem:44.84M (Peak 62.02M) | Time:00:00.10 | Mem:16.00M, Peak:16.00M | Scene, ViewLayer | Updating Procedurals
Fra:61 Mem:44.84M (Peak 62.02M) | Time:00:00.10 | Mem:16.00M, Peak:16.00M | Scene, ViewLayer | Updating Background
Fra:61 Mem:44.84M (Peak 62.02M) | Time:00:00.10 | Mem:16.00M, Peak:16.00M | Scene, ViewLayer | Updating Camera
Fra:61 Mem:44.84M (Peak 62.02M) | Time:00:00.10 | Mem:16.00M, Peak:16.00M | Scene, ViewLayer | Updating Meshes Flags
Fra:61 Mem:44.84M (Peak 62.02M) | Time:00:00.10 | Mem:16.00M, Peak:16.00M | Scene, ViewLayer | Updating Objects
Fra:61 Mem:44.84M (Peak 62.02M) | Time:00:00.10 | Mem:16.00M, Peak:16.00M | Scene, ViewLayer | Updating Objects | Copying Transformations to device
Fra:61 Mem:44.84M (Peak 62.02M) | Time:00:00.10 | Mem:16.00M, Peak:16.00M | Scene, ViewLayer | Updating Particle Systems
Fra:61 Mem:44.84M (Peak 62.02M) | Time:00:00.10 | Mem:16.00M, Peak:16.00M | Scene, ViewLayer | Updating Particle Systems | Copying Particles to device
Fra:61 Mem:44.84M (Peak 62.02M) | Time:00:00.10 | Mem:16.00M, Peak:16.00M | Scene, ViewLayer | Updating Meshes
Fra:61 Mem:44.84M (Peak 62.02M) | Time:00:00.10 | Mem:16.00M, Peak:16.00M | Scene, ViewLayer | Updating Objects | Applying Static Transformations
Fra:61 Mem:44.84M (Peak 62.02M) | Time:00:00.10 | Mem:16.00M, Peak:16.00M | Scene, ViewLayer | Updating Mesh | Computing attributes
Fra:61 Mem:45.92M (Peak 62.02M) | Time:00:00.10 | Mem:16.00M, Peak:16.00M | Scene, ViewLayer | Updating Mesh | Copying Attributes to device
Fra:61 Mem:45.92M (Peak 62.02M) | Time:00:00.10 | Mem:17.07M, Peak:17.07M | Scene, ViewLayer | Updating Scene BVH | Building
Fra:61 Mem:45.92M (Peak 62.02M) | Time:00:00.10 | Mem:17.07M, Peak:17.07M | Scene, ViewLayer | Updating Scene BVH | Building BVH
Fra:61 Mem:45.92M (Peak 62.02M) | Time:00:00.10 | Mem:18.02M, Peak:18.02M | Scene, ViewLayer | Updating Scene BVH | Building BVH 0%
Fra:61 Mem:45.92M (Peak 62.02M) | Time:00:00.10 | Mem:19.16M, Peak:20.11M | Scene, ViewLayer | Updating Scene BVH | Copying BVH to device
Fra:61 Mem:45.92M (Peak 62.02M) | Time:00:00.10 | Mem:19.16M, Peak:20.11M | Scene, ViewLayer | Updating Mesh | Computing normals
Fra:61 Mem:47.11M (Peak 62.02M) | Time:00:00.10 | Mem:19.16M, Peak:20.11M | Scene, ViewLayer | Updating Mesh | Copying Mesh to device
Fra:61 Mem:47.11M (Peak 62.02M) | Time:00:00.10 | Mem:20.35M, Peak:20.35M | Scene, ViewLayer | Updating Objects Flags
Fra:61 Mem:47.11M (Peak 62.02M) | Time:00:00.10 | Mem:20.35M, Peak:20.35M | Scene, ViewLayer | Updating Primitive Offsets
Fra:61 Mem:47.11M (Peak 62.02M) | Time:00:00.10 | Mem:20.35M, Peak:20.35M | Scene, ViewLayer | Updating Images
Fra:61 Mem:47.11M (Peak 62.02M) | Time:00:00.10 | Mem:20.35M, Peak:20.35M | Scene, ViewLayer | Updating Camera Volume
Fra:61 Mem:47.11M (Peak 62.02M) | Time:00:00.10 | Mem:20.35M, Peak:20.35M | Scene, ViewLayer | Updating Lookup Tables
Fra:61 Mem:47.11M (Peak 62.02M) | Time:00:00.10 | Mem:20.43M, Peak:20.43M | Scene, ViewLayer | Updating Lights
Fra:61 Mem:47.11M (Peak 62.02M) | Time:00:00.10 | Mem:20.43M, Peak:20.43M | Scene, ViewLayer | Updating Lights | Computing tree
Fra:61 Mem:52.92M (Peak 62.02M) | Time:00:00.13 | Mem:26.25M, Peak:26.25M | Scene, ViewLayer | Updating Integrator
Fra:61 Mem:52.92M (Peak 62.02M) | Time:00:00.13 | Mem:26.25M, Peak:26.25M | Scene, ViewLayer | Updating Film
Fra:61 Mem:52.93M (Peak 62.02M) | Time:00:00.13 | Mem:26.17M, Peak:26.25M | Scene, ViewLayer | Updating Lookup Tables
Fra:61 Mem:52.93M (Peak 62.02M) | Time:00:00.13 | Mem:26.25M, Peak:26.25M | Scene, ViewLayer | Updating Baking
Fra:61 Mem:52.93M (Peak 62.02M) | Time:00:00.13 | Mem:26.25M, Peak:26.25M | Scene, ViewLayer | Updating Device | Writing constant memory
Fra:61 Mem:52.93M (Peak 62.02M) | Time:00:00.13 | Mem:26.25M, Peak:26.25M | Scene, ViewLayer | Loading denoising kernels (may take a few minutes the first time)
Fra:61 Mem:52.93M (Peak 62.02M) | Time:00:00.13 | Mem:26.25M, Peak:26.25M | Scene, ViewLayer | Sample 0/24
Fra:61 Mem:118.32M (Peak 118.32M) | Time:00:00.18 | Remaining:00:01.26 | Mem:91.49M, Peak:91.49M | Scene, ViewLayer | Sample 1/24
Fra:61 Mem:145.79M (Peak 186.99M) | Time:00:03.38 | Mem:91.49M, Peak:91.49M | Scene, ViewLayer | Sample 24/24
Fra:61 Mem:145.79M (Peak 186.99M) | Time:00:03.38 | Mem:91.49M, Peak:91.49M | Scene, ViewLayer | Finished
Saved: '/Users/stephenhung/Documents/GitHub/agarstra/outputs/pokemon-remake/verification/trainer-direct/front-frame-61.png'
Time: 00:03.43 (Saving: 00:00.05)

Fra:91 Mem:28.45M (Peak 28.45M) | Time:00:00.00 | Mem:0.00M, Peak:0.00M | Scene, ViewLayer | Synchronizing object | char1
Fra:91 Mem:28.45M (Peak 28.45M) | Time:00:00.00 | Mem:0.00M, Peak:0.00M | Scene, ViewLayer | Synchronizing object | Rim
Fra:91 Mem:31.10M (Peak 36.48M) | Time:00:00.00 | Mem:0.00M, Peak:0.00M | Scene, ViewLayer | Initializing
Fra:91 Mem:30.01M (Peak 36.48M) | Time:00:00.00 | Mem:0.00M, Peak:0.00M | Scene, ViewLayer | Updating Images | Loading texture_0
Fra:91 Mem:44.76M (Peak 62.02M) | Time:00:00.08 | Mem:16.00M, Peak:16.00M | Scene, ViewLayer | Waiting for render to start
Fra:91 Mem:44.76M (Peak 62.02M) | Time:00:00.08 | Mem:16.00M, Peak:16.00M | Scene, ViewLayer | Updating Scene
Fra:91 Mem:44.76M (Peak 62.02M) | Time:00:00.08 | Mem:16.00M, Peak:16.00M | Scene, ViewLayer | Updating Shaders
Fra:91 Mem:44.84M (Peak 62.02M) | Time:00:00.08 | Mem:16.00M, Peak:16.00M | Scene, ViewLayer | Loading render kernels (may take a few minutes the first time)
Fra:91 Mem:44.84M (Peak 62.02M) | Time:00:00.08 | Mem:16.00M, Peak:16.00M | Scene, ViewLayer | Updating Procedurals
Fra:91 Mem:44.84M (Peak 62.02M) | Time:00:00.08 | Mem:16.00M, Peak:16.00M | Scene, ViewLayer | Updating Background
Fra:91 Mem:44.84M (Peak 62.02M) | Time:00:00.08 | Mem:16.00M, Peak:16.00M | Scene, ViewLayer | Updating Camera
Fra:91 Mem:44.84M (Peak 62.02M) | Time:00:00.08 | Mem:16.00M, Peak:16.00M | Scene, ViewLayer | Updating Meshes Flags
Fra:91 Mem:44.84M (Peak 62.02M) | Time:00:00.08 | Mem:16.00M, Peak:16.00M | Scene, ViewLayer | Updating Objects
Fra:91 Mem:44.84M (Peak 62.02M) | Time:00:00.08 | Mem:16.00M, Peak:16.00M | Scene, ViewLayer | Updating Objects | Copying Transformations to device
Fra:91 Mem:44.84M (Peak 62.02M) | Time:00:00.08 | Mem:16.00M, Peak:16.00M | Scene, ViewLayer | Updating Particle Systems
Fra:91 Mem:44.84M (Peak 62.02M) | Time:00:00.08 | Mem:16.00M, Peak:16.00M | Scene, ViewLayer | Updating Particle Systems | Copying Particles to device
Fra:91 Mem:44.84M (Peak 62.02M) | Time:00:00.08 | Mem:16.00M, Peak:16.00M | Scene, ViewLayer | Updating Meshes
Fra:91 Mem:44.84M (Peak 62.02M) | Time:00:00.08 | Mem:16.00M, Peak:16.00M | Scene, ViewLayer | Updating Objects | Applying Static Transformations
Fra:91 Mem:44.84M (Peak 62.02M) | Time:00:00.08 | Mem:16.00M, Peak:16.00M | Scene, ViewLayer | Updating Mesh | Computing attributes
Fra:91 Mem:45.92M (Peak 62.02M) | Time:00:00.08 | Mem:16.00M, Peak:16.00M | Scene, ViewLayer | Updating Mesh | Copying Attributes to device
Fra:91 Mem:45.92M (Peak 62.02M) | Time:00:00.08 | Mem:17.07M, Peak:17.07M | Scene, ViewLayer | Updating Scene BVH | Building
Fra:91 Mem:45.92M (Peak 62.02M) | Time:00:00.08 | Mem:17.07M, Peak:17.07M | Scene, ViewLayer | Updating Scene BVH | Building BVH
Fra:91 Mem:45.92M (Peak 62.02M) | Time:00:00.08 | Mem:18.02M, Peak:18.02M | Scene, ViewLayer | Updating Scene BVH | Building BVH 0%
Fra:91 Mem:45.92M (Peak 62.02M) | Time:00:00.09 | Mem:19.16M, Peak:20.11M | Scene, ViewLayer | Updating Scene BVH | Copying BVH to device
Fra:91 Mem:45.92M (Peak 62.02M) | Time:00:00.09 | Mem:19.16M, Peak:20.11M | Scene, ViewLayer | Updating Mesh | Computing normals
Fra:91 Mem:47.11M (Peak 62.02M) | Time:00:00.09 | Mem:19.16M, Peak:20.11M | Scene, ViewLayer | Updating Mesh | Copying Mesh to device
Fra:91 Mem:47.11M (Peak 62.02M) | Time:00:00.09 | Mem:20.35M, Peak:20.35M | Scene, ViewLayer | Updating Objects Flags
Fra:91 Mem:47.11M (Peak 62.02M) | Time:00:00.09 | Mem:20.35M, Peak:20.35M | Scene, ViewLayer | Updating Primitive Offsets
Fra:91 Mem:47.11M (Peak 62.02M) | Time:00:00.09 | Mem:20.35M, Peak:20.35M | Scene, ViewLayer | Updating Images
Fra:91 Mem:47.11M (Peak 62.02M) | Time:00:00.09 | Mem:20.35M, Peak:20.35M | Scene, ViewLayer | Updating Camera Volume
Fra:91 Mem:47.11M (Peak 62.02M) | Time:00:00.09 | Mem:20.35M, Peak:20.35M | Scene, ViewLayer | Updating Lookup Tables
Fra:91 Mem:47.11M (Peak 62.02M) | Time:00:00.09 | Mem:20.43M, Peak:20.43M | Scene, ViewLayer | Updating Lights
Fra:91 Mem:47.11M (Peak 62.02M) | Time:00:00.09 | Mem:20.43M, Peak:20.43M | Scene, ViewLayer | Updating Lights | Computing tree
Fra:91 Mem:52.92M (Peak 62.02M) | Time:00:00.11 | Mem:26.25M, Peak:26.25M | Scene, ViewLayer | Updating Integrator
Fra:91 Mem:52.92M (Peak 62.02M) | Time:00:00.11 | Mem:26.25M, Peak:26.25M | Scene, ViewLayer | Updating Film
Fra:91 Mem:52.93M (Peak 62.02M) | Time:00:00.12 | Mem:26.17M, Peak:26.25M | Scene, ViewLayer | Updating Lookup Tables
Fra:91 Mem:52.93M (Peak 62.02M) | Time:00:00.12 | Mem:26.25M, Peak:26.25M | Scene, ViewLayer | Updating Baking
Fra:91 Mem:52.93M (Peak 62.02M) | Time:00:00.12 | Mem:26.25M, Peak:26.25M | Scene, ViewLayer | Updating Device | Writing constant memory
Fra:91 Mem:52.93M (Peak 62.02M) | Time:00:00.12 | Mem:26.25M, Peak:26.25M | Scene, ViewLayer | Loading denoising kernels (may take a few minutes the first time)
Fra:91 Mem:52.93M (Peak 62.02M) | Time:00:00.12 | Mem:26.25M, Peak:26.25M | Scene, ViewLayer | Sample 0/24
Fra:91 Mem:118.32M (Peak 118.32M) | Time:00:00.16 | Remaining:00:01.10 | Mem:91.49M, Peak:91.49M | Scene, ViewLayer | Sample 1/24
Fra:91 Mem:145.79M (Peak 186.99M) | Time:00:02.34 | Mem:91.49M, Peak:91.49M | Scene, ViewLayer | Sample 24/24
Fra:91 Mem:145.79M (Peak 186.99M) | Time:00:02.34 | Mem:91.49M, Peak:91.49M | Scene, ViewLayer | Finished
Saved: '/Users/stephenhung/Documents/GitHub/agarstra/outputs/pokemon-remake/verification/trainer-direct/front-frame-91.png'
Time: 00:02.39 (Saving: 00:00.04)

Fra:121 Mem:28.45M (Peak 28.45M) | Time:00:00.00 | Mem:0.00M, Peak:0.00M | Scene, ViewLayer | Synchronizing object | Fill
Fra:121 Mem:28.45M (Peak 28.45M) | Time:00:00.00 | Mem:0.00M, Peak:0.00M | Scene, ViewLayer | Synchronizing object | Key
Fra:121 Mem:31.10M (Peak 36.48M) | Time:00:00.00 | Mem:0.00M, Peak:0.00M | Scene, ViewLayer | Initializing
Fra:121 Mem:30.01M (Peak 36.48M) | Time:00:00.00 | Mem:0.00M, Peak:0.00M | Scene, ViewLayer | Updating Images | Loading texture_0
Fra:121 Mem:44.76M (Peak 62.02M) | Time:00:00.09 | Mem:16.00M, Peak:16.00M | Scene, ViewLayer | Waiting for render to start
Fra:121 Mem:44.76M (Peak 62.02M) | Time:00:00.09 | Mem:16.00M, Peak:16.00M | Scene, ViewLayer | Updating Scene
Fra:121 Mem:44.76M (Peak 62.02M) | Time:00:00.09 | Mem:16.00M, Peak:16.00M | Scene, ViewLayer | Updating Shaders
Fra:121 Mem:44.84M (Peak 62.02M) | Time:00:00.09 | Mem:16.00M, Peak:16.00M | Scene, ViewLayer | Loading render kernels (may take a few minutes the first time)
Fra:121 Mem:44.84M (Peak 62.02M) | Time:00:00.09 | Mem:16.00M, Peak:16.00M | Scene, ViewLayer | Updating Procedurals
Fra:121 Mem:44.84M (Peak 62.02M) | Time:00:00.09 | Mem:16.00M, Peak:16.00M | Scene, ViewLayer | Updating Background
Fra:121 Mem:44.84M (Peak 62.02M) | Time:00:00.09 | Mem:16.00M, Peak:16.00M | Scene, ViewLayer | Updating Camera
Fra:121 Mem:44.84M (Peak 62.02M) | Time:00:00.09 | Mem:16.00M, Peak:16.00M | Scene, ViewLayer | Updating Meshes Flags
Fra:121 Mem:44.84M (Peak 62.02M) | Time:00:00.09 | Mem:16.00M, Peak:16.00M | Scene, ViewLayer | Updating Objects
Fra:121 Mem:44.84M (Peak 62.02M) | Time:00:00.09 | Mem:16.00M, Peak:16.00M | Scene, ViewLayer | Updating Objects | Copying Transformations to device
Fra:121 Mem:44.84M (Peak 62.02M) | Time:00:00.09 | Mem:16.00M, Peak:16.00M | Scene, ViewLayer | Updating Particle Systems
Fra:121 Mem:44.84M (Peak 62.02M) | Time:00:00.09 | Mem:16.00M, Peak:16.00M | Scene, ViewLayer | Updating Particle Systems | Copying Particles to device
Fra:121 Mem:44.84M (Peak 62.02M) | Time:00:00.09 | Mem:16.00M, Peak:16.00M | Scene, ViewLayer | Updating Meshes
Fra:121 Mem:44.84M (Peak 62.02M) | Time:00:00.09 | Mem:16.00M, Peak:16.00M | Scene, ViewLayer | Updating Objects | Applying Static Transformations
Fra:121 Mem:44.84M (Peak 62.02M) | Time:00:00.09 | Mem:16.00M, Peak:16.00M | Scene, ViewLayer | Updating Mesh | Computing attributes
Fra:121 Mem:45.92M (Peak 62.02M) | Time:00:00.09 | Mem:16.00M, Peak:16.00M | Scene, ViewLayer | Updating Mesh | Copying Attributes to device
Fra:121 Mem:45.92M (Peak 62.02M) | Time:00:00.09 | Mem:17.07M, Peak:17.07M | Scene, ViewLayer | Updating Scene BVH | Building
Fra:121 Mem:45.92M (Peak 62.02M) | Time:00:00.09 | Mem:17.07M, Peak:17.07M | Scene, ViewLayer | Updating Scene BVH | Building BVH
Fra:121 Mem:45.92M (Peak 62.02M) | Time:00:00.09 | Mem:18.02M, Peak:18.02M | Scene, ViewLayer | Updating Scene BVH | Building BVH 0%
Fra:121 Mem:45.92M (Peak 62.02M) | Time:00:00.09 | Mem:19.16M, Peak:20.11M | Scene, ViewLayer | Updating Scene BVH | Copying BVH to device
Fra:121 Mem:45.92M (Peak 62.02M) | Time:00:00.09 | Mem:19.16M, Peak:20.11M | Scene, ViewLayer | Updating Mesh | Computing normals
Fra:121 Mem:47.11M (Peak 62.02M) | Time:00:00.09 | Mem:19.16M, Peak:20.11M | Scene, ViewLayer | Updating Mesh | Copying Mesh to device
Fra:121 Mem:47.11M (Peak 62.02M) | Time:00:00.09 | Mem:20.35M, Peak:20.35M | Scene, ViewLayer | Updating Objects Flags
Fra:121 Mem:47.11M (Peak 62.02M) | Time:00:00.09 | Mem:20.35M, Peak:20.35M | Scene, ViewLayer | Updating Primitive Offsets
Fra:121 Mem:47.11M (Peak 62.02M) | Time:00:00.09 | Mem:20.35M, Peak:20.35M | Scene, ViewLayer | Updating Images
Fra:121 Mem:47.11M (Peak 62.02M) | Time:00:00.09 | Mem:20.35M, Peak:20.35M | Scene, ViewLayer | Updating Camera Volume
Fra:121 Mem:47.11M (Peak 62.02M) | Time:00:00.09 | Mem:20.35M, Peak:20.35M | Scene, ViewLayer | Updating Lookup Tables
Fra:121 Mem:47.11M (Peak 62.02M) | Time:00:00.09 | Mem:20.43M, Peak:20.43M | Scene, ViewLayer | Updating Lights
Fra:121 Mem:47.11M (Peak 62.02M) | Time:00:00.09 | Mem:20.43M, Peak:20.43M | Scene, ViewLayer | Updating Lights | Computing tree
Fra:121 Mem:52.92M (Peak 62.02M) | Time:00:00.12 | Mem:26.25M, Peak:26.25M | Scene, ViewLayer | Updating Integrator
Fra:121 Mem:52.92M (Peak 62.02M) | Time:00:00.12 | Mem:26.25M, Peak:26.25M | Scene, ViewLayer | Updating Film
Fra:121 Mem:52.93M (Peak 62.02M) | Time:00:00.12 | Mem:26.17M, Peak:26.25M | Scene, ViewLayer | Updating Lookup Tables
Fra:121 Mem:52.93M (Peak 62.02M) | Time:00:00.12 | Mem:26.25M, Peak:26.25M | Scene, ViewLayer | Updating Baking
Fra:121 Mem:52.93M (Peak 62.02M) | Time:00:00.12 | Mem:26.25M, Peak:26.25M | Scene, ViewLayer | Updating Device | Writing constant memory
Fra:121 Mem:52.93M (Peak 62.02M) | Time:00:00.12 | Mem:26.25M, Peak:26.25M | Scene, ViewLayer | Loading denoising kernels (may take a few minutes the first time)
Fra:121 Mem:52.93M (Peak 62.02M) | Time:00:00.12 | Mem:26.25M, Peak:26.25M | Scene, ViewLayer | Sample 0/24
Fra:121 Mem:118.32M (Peak 118.32M) | Time:00:00.16 | Remaining:00:01.00 | Mem:91.49M, Peak:91.49M | Scene, ViewLayer | Sample 1/24
Fra:121 Mem:145.79M (Peak 186.99M) | Time:00:02.29 | Mem:91.49M, Peak:91.49M | Scene, ViewLayer | Sample 24/24
Fra:121 Mem:145.79M (Peak 186.99M) | Time:00:02.29 | Mem:91.49M, Peak:91.49M | Scene, ViewLayer | Finished
Saved: '/Users/stephenhung/Documents/GitHub/agarstra/outputs/pokemon-remake/verification/trainer-direct/front-frame-121.png'
Time: 00:02.34 (Saving: 00:00.04)

Fra:1 Mem:28.45M (Peak 28.45M) | Time:00:00.00 | Mem:0.00M, Peak:0.00M | Scene, ViewLayer | Synchronizing object | char1
Fra:1 Mem:28.45M (Peak 28.45M) | Time:00:00.00 | Mem:0.00M, Peak:0.00M | Scene, ViewLayer | Synchronizing object | Key
Fra:1 Mem:28.51M (Peak 28.51M) | Time:00:00.00 | Mem:0.00M, Peak:0.00M | Scene, ViewLayer | Synchronizing object | Rim
Fra:1 Mem:28.52M (Peak 28.52M) | Time:00:00.00 | Mem:0.00M, Peak:0.00M | Scene, ViewLayer | Synchronizing object | Fill
Fra:1 Mem:31.10M (Peak 35.77M) | Time:00:00.00 | Mem:0.00M, Peak:0.00M | Scene, ViewLayer | Initializing
Fra:1 Mem:30.01M (Peak 35.77M) | Time:00:00.00 | Mem:0.00M, Peak:0.00M | Scene, ViewLayer | Updating Images | Loading texture_0
Fra:1 Mem:44.76M (Peak 62.02M) | Time:00:00.08 | Mem:16.00M, Peak:16.00M | Scene, ViewLayer | Waiting for render to start
Fra:1 Mem:44.76M (Peak 62.02M) | Time:00:00.08 | Mem:16.00M, Peak:16.00M | Scene, ViewLayer | Updating Scene
Fra:1 Mem:44.76M (Peak 62.02M) | Time:00:00.08 | Mem:16.00M, Peak:16.00M | Scene, ViewLayer | Updating Shaders
Fra:1 Mem:44.84M (Peak 62.02M) | Time:00:00.08 | Mem:16.00M, Peak:16.00M | Scene, ViewLayer | Loading render kernels (may take a few minutes the first time)
Fra:1 Mem:44.84M (Peak 62.02M) | Time:00:00.08 | Mem:16.00M, Peak:16.00M | Scene, ViewLayer | Updating Procedurals
Fra:1 Mem:44.84M (Peak 62.02M) | Time:00:00.08 | Mem:16.00M, Peak:16.00M | Scene, ViewLayer | Updating Background
Fra:1 Mem:44.84M (Peak 62.02M) | Time:00:00.08 | Mem:16.00M, Peak:16.00M | Scene, ViewLayer | Updating Camera
Fra:1 Mem:44.84M (Peak 62.02M) | Time:00:00.08 | Mem:16.00M, Peak:16.00M | Scene, ViewLayer | Updating Meshes Flags
Fra:1 Mem:44.84M (Peak 62.02M) | Time:00:00.08 | Mem:16.00M, Peak:16.00M | Scene, ViewLayer | Updating Objects
Fra:1 Mem:44.84M (Peak 62.02M) | Time:00:00.08 | Mem:16.00M, Peak:16.00M | Scene, ViewLayer | Updating Objects | Copying Transformations to device
Fra:1 Mem:44.84M (Peak 62.02M) | Time:00:00.08 | Mem:16.00M, Peak:16.00M | Scene, ViewLayer | Updating Particle Systems
Fra:1 Mem:44.84M (Peak 62.02M) | Time:00:00.08 | Mem:16.00M, Peak:16.00M | Scene, ViewLayer | Updating Particle Systems | Copying Particles to device
Fra:1 Mem:44.84M (Peak 62.02M) | Time:00:00.08 | Mem:16.00M, Peak:16.00M | Scene, ViewLayer | Updating Meshes
Fra:1 Mem:44.84M (Peak 62.02M) | Time:00:00.08 | Mem:16.00M, Peak:16.00M | Scene, ViewLayer | Updating Objects | Applying Static Transformations
Fra:1 Mem:44.84M (Peak 62.02M) | Time:00:00.08 | Mem:16.00M, Peak:16.00M | Scene, ViewLayer | Updating Mesh | Computing attributes
Fra:1 Mem:45.92M (Peak 62.02M) | Time:00:00.08 | Mem:16.00M, Peak:16.00M | Scene, ViewLayer | Updating Mesh | Copying Attributes to device
Fra:1 Mem:45.92M (Peak 62.02M) | Time:00:00.08 | Mem:17.07M, Peak:17.07M | Scene, ViewLayer | Updating Scene BVH | Building
Fra:1 Mem:45.92M (Peak 62.02M) | Time:00:00.08 | Mem:17.07M, Peak:17.07M | Scene, ViewLayer | Updating Scene BVH | Building BVH
Fra:1 Mem:45.92M (Peak 62.02M) | Time:00:00.08 | Mem:18.02M, Peak:18.02M | Scene, ViewLayer | Updating Scene BVH | Building BVH 0%
Fra:1 Mem:45.92M (Peak 62.02M) | Time:00:00.09 | Mem:19.16M, Peak:20.11M | Scene, ViewLayer | Updating Scene BVH | Copying BVH to device
Fra:1 Mem:45.92M (Peak 62.02M) | Time:00:00.09 | Mem:19.16M, Peak:20.11M | Scene, ViewLayer | Updating Mesh | Computing normals
Fra:1 Mem:47.11M (Peak 62.02M) | Time:00:00.09 | Mem:19.16M, Peak:20.11M | Scene, ViewLayer | Updating Mesh | Copying Mesh to device
Fra:1 Mem:47.11M (Peak 62.02M) | Time:00:00.09 | Mem:20.35M, Peak:20.35M | Scene, ViewLayer | Updating Objects Flags
Fra:1 Mem:47.11M (Peak 62.02M) | Time:00:00.09 | Mem:20.35M, Peak:20.35M | Scene, ViewLayer | Updating Primitive Offsets
Fra:1 Mem:47.11M (Peak 62.02M) | Time:00:00.09 | Mem:20.35M, Peak:20.35M | Scene, ViewLayer | Updating Images
Fra:1 Mem:47.11M (Peak 62.02M) | Time:00:00.09 | Mem:20.35M, Peak:20.35M | Scene, ViewLayer | Updating Camera Volume
Fra:1 Mem:47.11M (Peak 62.02M) | Time:00:00.09 | Mem:20.35M, Peak:20.35M | Scene, ViewLayer | Updating Lookup Tables
Fra:1 Mem:47.11M (Peak 62.02M) | Time:00:00.09 | Mem:20.43M, Peak:20.43M | Scene, ViewLayer | Updating Lights
Fra:1 Mem:47.11M (Peak 62.02M) | Time:00:00.09 | Mem:20.43M, Peak:20.43M | Scene, ViewLayer | Updating Lights | Computing tree
Fra:1 Mem:52.92M (Peak 62.02M) | Time:00:00.12 | Mem:26.25M, Peak:26.25M | Scene, ViewLayer | Updating Integrator
Fra:1 Mem:52.92M (Peak 62.02M) | Time:00:00.12 | Mem:26.25M, Peak:26.25M | Scene, ViewLayer | Updating Film
Fra:1 Mem:52.93M (Peak 62.02M) | Time:00:00.12 | Mem:26.17M, Peak:26.25M | Scene, ViewLayer | Updating Lookup Tables
Fra:1 Mem:52.93M (Peak 62.02M) | Time:00:00.12 | Mem:26.25M, Peak:26.25M | Scene, ViewLayer | Updating Baking
Fra:1 Mem:52.93M (Peak 62.02M) | Time:00:00.12 | Mem:26.25M, Peak:26.25M | Scene, ViewLayer | Updating Device | Writing constant memory
Fra:1 Mem:52.93M (Peak 62.02M) | Time:00:00.12 | Mem:26.25M, Peak:26.25M | Scene, ViewLayer | Loading denoising kernels (may take a few minutes the first time)
Fra:1 Mem:52.93M (Peak 62.02M) | Time:00:00.12 | Mem:26.25M, Peak:26.25M | Scene, ViewLayer | Sample 0/24
Fra:1 Mem:118.32M (Peak 118.32M) | Time:00:00.16 | Remaining:00:00.98 | Mem:91.49M, Peak:91.49M | Scene, ViewLayer | Sample 1/24
Fra:1 Mem:145.79M (Peak 186.99M) | Time:00:02.21 | Mem:91.49M, Peak:91.49M | Scene, ViewLayer | Sample 24/24
Fra:1 Mem:145.79M (Peak 186.99M) | Time:00:02.21 | Mem:91.49M, Peak:91.49M | Scene, ViewLayer | Finished
Saved: '/Users/stephenhung/Documents/GitHub/agarstra/outputs/pokemon-remake/verification/trainer-direct/back-frame-1.png'
Time: 00:02.25 (Saving: 00:00.04)

Info: Saved as "trainer-direct-v1.blend"
{"glb": "/Users/stephenhung/Documents/GitHub/agarstra/outputs/pokemon-remake/models/trainer-direct-v1.glb", "glbSHA256": "c3b5282f1d3d95128a1247a981c0df89fcb31880443de7ff4043e79bab8fcb29", "status": "candidate-requires-visual-review", "meshCount": 2, "armatureCount": 1, "bones": 24, "vertices": 31320, "triangles": 31192, "actions": [{"name": "Armature|Idle|baselayer", "frames": [1.0, 121.0]}], "activeAnimation": [{"rig": "Armature", "action": "Armature|Idle|baselayer", "nlaTracks": 1}], "boundsBlenderZUp": {"min": [-0.9510578513145447, -0.9999999403953552, -1.0], "max": [0.9510578513145447, 0.9999999403953552, 1.8377814292907715]}, "height": 2.8377814292907715, "samples": [{"frame": 1, "seconds": 0.03333333333333333, "bounds": {"min": [-0.9510578513145447, -0.9999999403953552, -1.0], "max": [0.9510578513145447, 0.9999999403953552, 1.8377814292907715]}, "maxVertexTravelFromFirst": 0.0}, {"frame": 31, "seconds": 1.0333333333333334, "bounds": {"min": [-0.9510578513145447, -0.9999999403953552, -1.0], "max": [0.9510578513145447, 0.9999999403953552, 1.8369539976119995]}, "maxVertexTravelFromFirst": 0.6736253301935472}, {"frame": 61, "seconds": 2.033333333333333, "bounds": {"min": [-0.9510578513145447, -0.9999999403953552, -1.0], "max": [0.9510578513145447, 0.9999999403953552, 1.831238031387329]}, "maxVertexTravelFromFirst": 0.5233714785074199}, {"frame": 91, "seconds": 3.033333333333333, "bounds": {"min": [-0.9510578513145447, -0.9999999403953552, -1.0], "max": [0.9510578513145447, 0.9999999403953552, 1.845847249031067]}, "maxVertexTravelFromFirst": 0.6104302648824107}, {"frame": 121, "seconds": 4.033333333333333, "bounds": {"min": [-0.9510578513145447, -0.9999999403953552, -1.0], "max": [0.9510578513145447, 0.9999999403953552, 1.8375027179718018]}, "maxVertexTravelFromFirst": 0.03310782253660299}], "materials": [{"name": "Material_1", "surfaceRenderMethod": "DITHERED"}]}

Blender quit
