16:01:56 | INFO: Data are loaded, start creating Blender stuff
16:01:56 | INFO: Blender create Mesh node material
16:01:56 | INFO: glTF import finished in 0.07s
Blender 4.5.0 (hash 8cb6b388974a built 2025-07-15 01:35:28)
Fra:1 Mem:250.16M (Peak 250.16M) | Time:00:00.02 | Mem:0.00M, Peak:0.00M | Scene, ViewLayer | Synchronizing object | material
Fra:1 Mem:250.16M (Peak 250.16M) | Time:00:00.02 | Mem:0.00M, Peak:0.00M | Scene, ViewLayer | Synchronizing object | Review Back Fill
Fra:1 Mem:250.24M (Peak 250.24M) | Time:00:00.02 | Mem:0.00M, Peak:0.00M | Scene, ViewLayer | Synchronizing object | Review Fill
Fra:1 Mem:257.09M (Peak 262.97M) | Time:00:00.03 | Mem:0.00M, Peak:0.00M | Scene, ViewLayer | Initializing
Fra:1 Mem:257.07M (Peak 262.97M) | Time:00:00.03 | Mem:0.00M, Peak:0.00M | Scene, ViewLayer | Updating Images | Loading texture_pbr_20250901_normal
Fra:1 Mem:257.07M (Peak 262.97M) | Time:00:00.03 | Mem:0.00M, Peak:0.00M | Scene, ViewLayer | Updating Images | Loading texture_pbr_20250901_metallic-texture_pbr_20250901_roughness
Fra:1 Mem:448.73M (Peak 449.07M) | Time:00:00.04 | Mem:192.00M, Peak:192.00M | Scene, ViewLayer | Waiting for render to start
Fra:1 Mem:448.73M (Peak 449.07M) | Time:00:00.04 | Mem:192.00M, Peak:192.00M | Scene, ViewLayer | Updating Scene
Fra:1 Mem:448.73M (Peak 449.07M) | Time:00:00.04 | Mem:192.00M, Peak:192.00M | Scene, ViewLayer | Updating Shaders
Fra:1 Mem:448.82M (Peak 449.07M) | Time:00:00.04 | Mem:192.00M, Peak:192.00M | Scene, ViewLayer | Loading render kernels (may take a few minutes the first time)
Fra:1 Mem:448.82M (Peak 449.07M) | Time:00:00.04 | Mem:192.00M, Peak:192.00M | Scene, ViewLayer | Updating Procedurals
Fra:1 Mem:448.82M (Peak 449.07M) | Time:00:00.04 | Mem:192.00M, Peak:192.00M | Scene, ViewLayer | Updating Background
Fra:1 Mem:448.82M (Peak 449.07M) | Time:00:00.04 | Mem:192.00M, Peak:192.00M | Scene, ViewLayer | Updating Camera
Fra:1 Mem:448.82M (Peak 449.07M) | Time:00:00.04 | Mem:192.00M, Peak:192.00M | Scene, ViewLayer | Updating Meshes Flags
Fra:1 Mem:448.82M (Peak 449.07M) | Time:00:00.04 | Mem:192.00M, Peak:192.00M | Scene, ViewLayer | Updating Objects
Fra:1 Mem:448.82M (Peak 449.07M) | Time:00:00.04 | Mem:192.00M, Peak:192.00M | Scene, ViewLayer | Updating Objects | Copying Transformations to device
Fra:1 Mem:448.82M (Peak 449.07M) | Time:00:00.04 | Mem:192.00M, Peak:192.00M | Scene, ViewLayer | Updating Particle Systems
Fra:1 Mem:448.82M (Peak 449.07M) | Time:00:00.04 | Mem:192.00M, Peak:192.00M | Scene, ViewLayer | Updating Particle Systems | Copying Particles to device
Fra:1 Mem:448.82M (Peak 449.07M) | Time:00:00.04 | Mem:192.00M, Peak:192.00M | Scene, ViewLayer | Updating Meshes
Fra:1 Mem:451.68M (Peak 451.68M) | Time:00:00.05 | Mem:192.00M, Peak:192.00M | Scene, ViewLayer | Updating Objects | Applying Static Transformations
Fra:1 Mem:451.68M (Peak 451.68M) | Time:00:00.05 | Mem:192.00M, Peak:192.00M | Scene, ViewLayer | Updating Mesh | Computing attributes
Fra:1 Mem:455.52M (Peak 455.52M) | Time:00:00.05 | Mem:192.00M, Peak:192.00M | Scene, ViewLayer | Updating Mesh | Copying Attributes to device
Fra:1 Mem:455.52M (Peak 455.52M) | Time:00:00.05 | Mem:195.85M, Peak:195.85M | Scene, ViewLayer | Updating Scene BVH | Building
Fra:1 Mem:455.52M (Peak 455.52M) | Time:00:00.05 | Mem:195.85M, Peak:195.85M | Scene, ViewLayer | Updating Scene BVH | Building BVH
Fra:1 Mem:455.52M (Peak 455.52M) | Time:00:00.06 | Mem:197.37M, Peak:197.37M | Scene, ViewLayer | Updating Scene BVH | Building BVH 0%
Fra:1 Mem:455.52M (Peak 455.52M) | Time:00:00.06 | Mem:199.19M, Peak:200.72M | Scene, ViewLayer | Updating Scene BVH | Copying BVH to device
Fra:1 Mem:455.52M (Peak 455.52M) | Time:00:00.06 | Mem:199.19M, Peak:200.72M | Scene, ViewLayer | Updating Mesh | Computing normals
Fra:1 Mem:457.10M (Peak 457.10M) | Time:00:00.06 | Mem:199.19M, Peak:200.72M | Scene, ViewLayer | Updating Mesh | Copying Mesh to device
Fra:1 Mem:457.10M (Peak 457.10M) | Time:00:00.06 | Mem:200.77M, Peak:200.77M | Scene, ViewLayer | Updating Objects Flags
Fra:1 Mem:457.10M (Peak 457.10M) | Time:00:00.06 | Mem:200.77M, Peak:200.77M | Scene, ViewLayer | Updating Primitive Offsets
Fra:1 Mem:457.10M (Peak 457.10M) | Time:00:00.06 | Mem:200.77M, Peak:200.77M | Scene, ViewLayer | Updating Images
Fra:1 Mem:457.10M (Peak 457.10M) | Time:00:00.06 | Mem:200.77M, Peak:200.77M | Scene, ViewLayer | Updating Camera Volume
Fra:1 Mem:457.10M (Peak 457.10M) | Time:00:00.06 | Mem:200.77M, Peak:200.77M | Scene, ViewLayer | Updating Lookup Tables
Fra:1 Mem:457.10M (Peak 457.10M) | Time:00:00.06 | Mem:200.86M, Peak:200.86M | Scene, ViewLayer | Updating Lights
Fra:1 Mem:457.10M (Peak 457.10M) | Time:00:00.06 | Mem:200.86M, Peak:200.86M | Scene, ViewLayer | Updating Lights | Computing tree
Fra:1 Mem:457.10M (Peak 457.10M) | Time:00:00.06 | Mem:200.86M, Peak:200.86M | Scene, ViewLayer | Updating Integrator
Fra:1 Mem:457.10M (Peak 457.10M) | Time:00:00.06 | Mem:200.86M, Peak:200.86M | Scene, ViewLayer | Updating Film
Fra:1 Mem:457.11M (Peak 457.11M) | Time:00:00.06 | Mem:200.78M, Peak:200.86M | Scene, ViewLayer | Updating Lookup Tables
Fra:1 Mem:457.11M (Peak 457.11M) | Time:00:00.06 | Mem:200.86M, Peak:200.86M | Scene, ViewLayer | Updating Baking
Fra:1 Mem:457.11M (Peak 457.11M) | Time:00:00.06 | Mem:200.86M, Peak:200.86M | Scene, ViewLayer | Updating Device | Writing constant memory
Fra:1 Mem:457.11M (Peak 457.11M) | Time:00:00.06 | Mem:200.86M, Peak:200.86M | Scene, ViewLayer | Loading denoising kernels (may take a few minutes the first time)
Fra:1 Mem:457.11M (Peak 457.11M) | Time:00:00.06 | Mem:200.86M, Peak:200.86M | Scene, ViewLayer | Sample 0/48
Fra:1 Mem:575.90M (Peak 575.90M) | Time:00:00.65 | Remaining:00:27.72 | Mem:319.62M, Peak:319.62M | Scene, ViewLayer | Sample 1/48
Fra:1 Mem:625.90M (Peak 700.91M) | Time:00:29.50 | Mem:319.62M, Peak:319.62M | Scene, ViewLayer | Sample 48/48
Fra:1 Mem:625.90M (Peak 700.91M) | Time:00:29.50 | Mem:319.62M, Peak:319.62M | Scene, ViewLayer | Finished
Saved: '/Users/stephenhung/Documents/GitHub/agarstra/outputs/pokemon-remake/verification/laboratory-v1/front.png'
Time: 00:29.66 (Saving: 00:00.15)

Fra:1 Mem:253.49M (Peak 253.49M) | Time:00:00.00 | Mem:0.00M, Peak:0.00M | Scene, ViewLayer | Synchronizing object | material
Fra:1 Mem:253.50M (Peak 253.50M) | Time:00:00.00 | Mem:0.00M, Peak:0.00M | Scene, ViewLayer | Synchronizing object | Review Key
Fra:1 Mem:253.58M (Peak 253.58M) | Time:00:00.00 | Mem:0.00M, Peak:0.00M | Scene, ViewLayer | Synchronizing object | Review Fill
Fra:1 Mem:257.09M (Peak 262.97M) | Time:00:00.01 | Mem:0.00M, Peak:0.00M | Scene, ViewLayer | Initializing
Fra:1 Mem:257.07M (Peak 262.97M) | Time:00:00.01 | Mem:0.00M, Peak:0.00M | Scene, ViewLayer | Updating Images | Loading texture_pbr_20250901_normal
Fra:1 Mem:321.07M (Peak 321.07M) | Time:00:00.01 | Mem:0.00M, Peak:0.00M | Scene, ViewLayer | Updating Images | Loading texture_pbr_20250901
Fra:1 Mem:385.07M (Peak 385.07M) | Time:00:00.01 | Mem:0.00M, Peak:0.00M | Scene, ViewLayer | Updating Images | Loading texture_pbr_20250901_metallic-texture_pbr_20250901_roughness
Fra:1 Mem:448.73M (Peak 449.07M) | Time:00:00.01 | Mem:192.00M, Peak:192.00M | Scene, ViewLayer | Waiting for render to start
Fra:1 Mem:448.73M (Peak 449.07M) | Time:00:00.01 | Mem:192.00M, Peak:192.00M | Scene, ViewLayer | Updating Scene
Fra:1 Mem:448.73M (Peak 449.07M) | Time:00:00.01 | Mem:192.00M, Peak:192.00M | Scene, ViewLayer | Updating Shaders
Fra:1 Mem:448.82M (Peak 449.07M) | Time:00:00.01 | Mem:192.00M, Peak:192.00M | Scene, ViewLayer | Loading render kernels (may take a few minutes the first time)
Fra:1 Mem:448.82M (Peak 449.07M) | Time:00:00.01 | Mem:192.00M, Peak:192.00M | Scene, ViewLayer | Updating Procedurals
Fra:1 Mem:448.82M (Peak 449.07M) | Time:00:00.01 | Mem:192.00M, Peak:192.00M | Scene, ViewLayer | Updating Background
Fra:1 Mem:448.82M (Peak 449.07M) | Time:00:00.01 | Mem:192.00M, Peak:192.00M | Scene, ViewLayer | Updating Camera
Fra:1 Mem:448.82M (Peak 449.07M) | Time:00:00.01 | Mem:192.00M, Peak:192.00M | Scene, ViewLayer | Updating Meshes Flags
Fra:1 Mem:448.82M (Peak 449.07M) | Time:00:00.01 | Mem:192.00M, Peak:192.00M | Scene, ViewLayer | Updating Objects
Fra:1 Mem:448.82M (Peak 449.07M) | Time:00:00.01 | Mem:192.00M, Peak:192.00M | Scene, ViewLayer | Updating Objects | Copying Transformations to device
Fra:1 Mem:448.82M (Peak 449.07M) | Time:00:00.01 | Mem:192.00M, Peak:192.00M | Scene, ViewLayer | Updating Particle Systems
Fra:1 Mem:448.82M (Peak 449.07M) | Time:00:00.01 | Mem:192.00M, Peak:192.00M | Scene, ViewLayer | Updating Particle Systems | Copying Particles to device
Fra:1 Mem:448.82M (Peak 449.07M) | Time:00:00.01 | Mem:192.00M, Peak:192.00M | Scene, ViewLayer | Updating Meshes
Fra:1 Mem:451.68M (Peak 451.68M) | Time:00:00.03 | Mem:192.00M, Peak:192.00M | Scene, ViewLayer | Updating Objects | Applying Static Transformations
Fra:1 Mem:451.68M (Peak 451.68M) | Time:00:00.03 | Mem:192.00M, Peak:192.00M | Scene, ViewLayer | Updating Mesh | Computing attributes
Fra:1 Mem:455.52M (Peak 455.52M) | Time:00:00.03 | Mem:192.00M, Peak:192.00M | Scene, ViewLayer | Updating Mesh | Copying Attributes to device
Fra:1 Mem:455.52M (Peak 455.52M) | Time:00:00.03 | Mem:195.85M, Peak:195.85M | Scene, ViewLayer | Updating Scene BVH | Building
Fra:1 Mem:455.52M (Peak 455.52M) | Time:00:00.03 | Mem:195.85M, Peak:195.85M | Scene, ViewLayer | Updating Scene BVH | Building BVH
Fra:1 Mem:455.52M (Peak 455.52M) | Time:00:00.03 | Mem:197.37M, Peak:197.37M | Scene, ViewLayer | Updating Scene BVH | Building BVH 0%
Fra:1 Mem:455.52M (Peak 455.52M) | Time:00:00.04 | Mem:199.19M, Peak:200.72M | Scene, ViewLayer | Updating Scene BVH | Copying BVH to device
Fra:1 Mem:455.52M (Peak 455.52M) | Time:00:00.04 | Mem:199.19M, Peak:200.72M | Scene, ViewLayer | Updating Mesh | Computing normals
Fra:1 Mem:457.10M (Peak 457.10M) | Time:00:00.04 | Mem:199.19M, Peak:200.72M | Scene, ViewLayer | Updating Mesh | Copying Mesh to device
Fra:1 Mem:457.10M (Peak 457.10M) | Time:00:00.04 | Mem:200.77M, Peak:200.77M | Scene, ViewLayer | Updating Objects Flags
Fra:1 Mem:457.10M (Peak 457.10M) | Time:00:00.04 | Mem:200.77M, Peak:200.77M | Scene, ViewLayer | Updating Primitive Offsets
Fra:1 Mem:457.10M (Peak 457.10M) | Time:00:00.04 | Mem:200.77M, Peak:200.77M | Scene, ViewLayer | Updating Images
Fra:1 Mem:457.10M (Peak 457.10M) | Time:00:00.04 | Mem:200.77M, Peak:200.77M | Scene, ViewLayer | Updating Camera Volume
Fra:1 Mem:457.10M (Peak 457.10M) | Time:00:00.04 | Mem:200.77M, Peak:200.77M | Scene, ViewLayer | Updating Lookup Tables
Fra:1 Mem:457.10M (Peak 457.10M) | Time:00:00.04 | Mem:200.86M, Peak:200.86M | Scene, ViewLayer | Updating Lights
Fra:1 Mem:457.10M (Peak 457.10M) | Time:00:00.04 | Mem:200.86M, Peak:200.86M | Scene, ViewLayer | Updating Lights | Computing tree
Fra:1 Mem:457.10M (Peak 457.10M) | Time:00:00.04 | Mem:200.86M, Peak:200.86M | Scene, ViewLayer | Updating Integrator
Fra:1 Mem:457.10M (Peak 457.10M) | Time:00:00.04 | Mem:200.86M, Peak:200.86M | Scene, ViewLayer | Updating Film
Fra:1 Mem:457.11M (Peak 457.11M) | Time:00:00.04 | Mem:200.78M, Peak:200.86M | Scene, ViewLayer | Updating Lookup Tables
Fra:1 Mem:457.11M (Peak 457.11M) | Time:00:00.04 | Mem:200.86M, Peak:200.86M | Scene, ViewLayer | Updating Baking
Fra:1 Mem:457.11M (Peak 457.11M) | Time:00:00.04 | Mem:200.86M, Peak:200.86M | Scene, ViewLayer | Updating Device | Writing constant memory
Fra:1 Mem:457.11M (Peak 457.11M) | Time:00:00.04 | Mem:200.86M, Peak:200.86M | Scene, ViewLayer | Loading denoising kernels (may take a few minutes the first time)
Fra:1 Mem:457.11M (Peak 457.11M) | Time:00:00.04 | Mem:200.86M, Peak:200.86M | Scene, ViewLayer | Sample 0/48
Fra:1 Mem:575.90M (Peak 575.90M) | Time:00:00.63 | Remaining:00:27.86 | Mem:319.62M, Peak:319.62M | Scene, ViewLayer | Sample 1/48
Fra:1 Mem:625.90M (Peak 700.91M) | Time:00:28.73 | Mem:319.62M, Peak:319.62M | Scene, ViewLayer | Sample 48/48
Fra:1 Mem:625.90M (Peak 700.91M) | Time:00:28.73 | Mem:319.62M, Peak:319.62M | Scene, ViewLayer | Finished
Saved: '/Users/stephenhung/Documents/GitHub/agarstra/outputs/pokemon-remake/verification/laboratory-v1/back.png'
Time: 00:28.84 (Saving: 00:00.11)

Fra:1 Mem:253.49M (Peak 253.49M) | Time:00:00.00 | Mem:0.00M, Peak:0.00M | Scene, ViewLayer | Synchronizing object | Review Back Fill
Fra:1 Mem:253.49M (Peak 253.49M) | Time:00:00.00 | Mem:0.00M, Peak:0.00M | Scene, ViewLayer | Synchronizing object | Review Fill
Fra:1 Mem:253.49M (Peak 253.49M) | Time:00:00.00 | Mem:0.00M, Peak:0.00M | Scene, ViewLayer | Synchronizing object | Review Key
Fra:1 Mem:253.50M (Peak 253.50M) | Time:00:00.00 | Mem:0.00M, Peak:0.00M | Scene, ViewLayer | Synchronizing object | Review Ground
Fra:1 Mem:257.09M (Peak 262.97M) | Time:00:00.00 | Mem:0.00M, Peak:0.00M | Scene, ViewLayer | Initializing
Fra:1 Mem:257.07M (Peak 262.97M) | Time:00:00.00 | Mem:0.00M, Peak:0.00M | Scene, ViewLayer | Updating Images | Loading texture_pbr_20250901_normal
Fra:1 Mem:321.07M (Peak 321.07M) | Time:00:00.00 | Mem:0.00M, Peak:0.00M | Scene, ViewLayer | Updating Images | Loading texture_pbr_20250901
Fra:1 Mem:385.07M (Peak 385.07M) | Time:00:00.01 | Mem:0.00M, Peak:0.00M | Scene, ViewLayer | Updating Images | Loading texture_pbr_20250901_metallic-texture_pbr_20250901_roughness
Fra:1 Mem:448.73M (Peak 449.07M) | Time:00:00.01 | Mem:192.00M, Peak:192.00M | Scene, ViewLayer | Waiting for render to start
Fra:1 Mem:448.73M (Peak 449.07M) | Time:00:00.01 | Mem:192.00M, Peak:192.00M | Scene, ViewLayer | Updating Scene
Fra:1 Mem:448.73M (Peak 449.07M) | Time:00:00.01 | Mem:192.00M, Peak:192.00M | Scene, ViewLayer | Updating Shaders
Fra:1 Mem:448.82M (Peak 449.07M) | Time:00:00.01 | Mem:192.00M, Peak:192.00M | Scene, ViewLayer | Loading render kernels (may take a few minutes the first time)
Fra:1 Mem:448.82M (Peak 449.07M) | Time:00:00.01 | Mem:192.00M, Peak:192.00M | Scene, ViewLayer | Updating Procedurals
Fra:1 Mem:448.82M (Peak 449.07M) | Time:00:00.01 | Mem:192.00M, Peak:192.00M | Scene, ViewLayer | Updating Background
Fra:1 Mem:448.82M (Peak 449.07M) | Time:00:00.01 | Mem:192.00M, Peak:192.00M | Scene, ViewLayer | Updating Camera
Fra:1 Mem:448.82M (Peak 449.07M) | Time:00:00.01 | Mem:192.00M, Peak:192.00M | Scene, ViewLayer | Updating Meshes Flags
Fra:1 Mem:448.82M (Peak 449.07M) | Time:00:00.01 | Mem:192.00M, Peak:192.00M | Scene, ViewLayer | Updating Objects
Fra:1 Mem:448.82M (Peak 449.07M) | Time:00:00.01 | Mem:192.00M, Peak:192.00M | Scene, ViewLayer | Updating Objects | Copying Transformations to device
Fra:1 Mem:448.82M (Peak 449.07M) | Time:00:00.01 | Mem:192.00M, Peak:192.00M | Scene, ViewLayer | Updating Particle Systems
Fra:1 Mem:448.82M (Peak 449.07M) | Time:00:00.01 | Mem:192.00M, Peak:192.00M | Scene, ViewLayer | Updating Particle Systems | Copying Particles to device
Fra:1 Mem:448.82M (Peak 449.07M) | Time:00:00.01 | Mem:192.00M, Peak:192.00M | Scene, ViewLayer | Updating Meshes
Fra:1 Mem:451.68M (Peak 451.68M) | Time:00:00.03 | Mem:192.00M, Peak:192.00M | Scene, ViewLayer | Updating Objects | Applying Static Transformations
Fra:1 Mem:451.68M (Peak 451.68M) | Time:00:00.03 | Mem:192.00M, Peak:192.00M | Scene, ViewLayer | Updating Mesh | Computing attributes
Fra:1 Mem:455.52M (Peak 455.52M) | Time:00:00.03 | Mem:192.00M, Peak:192.00M | Scene, ViewLayer | Updating Mesh | Copying Attributes to device
Fra:1 Mem:455.52M (Peak 455.52M) | Time:00:00.03 | Mem:195.85M, Peak:195.85M | Scene, ViewLayer | Updating Scene BVH | Building
Fra:1 Mem:455.52M (Peak 455.52M) | Time:00:00.03 | Mem:195.85M, Peak:195.85M | Scene, ViewLayer | Updating Scene BVH | Building BVH
Fra:1 Mem:455.52M (Peak 455.52M) | Time:00:00.03 | Mem:197.37M, Peak:197.37M | Scene, ViewLayer | Updating Scene BVH | Building BVH 0%
Fra:1 Mem:455.52M (Peak 455.52M) | Time:00:00.04 | Mem:199.19M, Peak:200.72M | Scene, ViewLayer | Updating Scene BVH | Copying BVH to device
Fra:1 Mem:455.52M (Peak 455.52M) | Time:00:00.04 | Mem:199.19M, Peak:200.72M | Scene, ViewLayer | Updating Mesh | Computing normals
Fra:1 Mem:457.10M (Peak 457.10M) | Time:00:00.04 | Mem:199.19M, Peak:200.72M | Scene, ViewLayer | Updating Mesh | Copying Mesh to device
Fra:1 Mem:457.10M (Peak 457.10M) | Time:00:00.04 | Mem:200.77M, Peak:200.77M | Scene, ViewLayer | Updating Objects Flags
Fra:1 Mem:457.10M (Peak 457.10M) | Time:00:00.04 | Mem:200.77M, Peak:200.77M | Scene, ViewLayer | Updating Primitive Offsets
Fra:1 Mem:457.10M (Peak 457.10M) | Time:00:00.04 | Mem:200.77M, Peak:200.77M | Scene, ViewLayer | Updating Images
Fra:1 Mem:457.10M (Peak 457.10M) | Time:00:00.04 | Mem:200.77M, Peak:200.77M | Scene, ViewLayer | Updating Camera Volume
Fra:1 Mem:457.10M (Peak 457.10M) | Time:00:00.04 | Mem:200.77M, Peak:200.77M | Scene, ViewLayer | Updating Lookup Tables
Fra:1 Mem:457.10M (Peak 457.10M) | Time:00:00.04 | Mem:200.86M, Peak:200.86M | Scene, ViewLayer | Updating Lights
Fra:1 Mem:457.10M (Peak 457.10M) | Time:00:00.04 | Mem:200.86M, Peak:200.86M | Scene, ViewLayer | Updating Lights | Computing tree
Fra:1 Mem:457.10M (Peak 457.10M) | Time:00:00.04 | Mem:200.86M, Peak:200.86M | Scene, ViewLayer | Updating Integrator
Fra:1 Mem:457.10M (Peak 457.10M) | Time:00:00.04 | Mem:200.86M, Peak:200.86M | Scene, ViewLayer | Updating Film
Fra:1 Mem:457.11M (Peak 457.11M) | Time:00:00.04 | Mem:200.78M, Peak:200.86M | Scene, ViewLayer | Updating Lookup Tables
Fra:1 Mem:457.11M (Peak 457.11M) | Time:00:00.04 | Mem:200.86M, Peak:200.86M | Scene, ViewLayer | Updating Baking
Fra:1 Mem:457.11M (Peak 457.11M) | Time:00:00.04 | Mem:200.86M, Peak:200.86M | Scene, ViewLayer | Updating Device | Writing constant memory
Fra:1 Mem:457.11M (Peak 457.11M) | Time:00:00.04 | Mem:200.86M, Peak:200.86M | Scene, ViewLayer | Loading denoising kernels (may take a few minutes the first time)
Fra:1 Mem:457.11M (Peak 457.11M) | Time:00:00.04 | Mem:200.86M, Peak:200.86M | Scene, ViewLayer | Sample 0/48
Fra:1 Mem:575.90M (Peak 575.90M) | Time:00:00.71 | Remaining:00:31.48 | Mem:319.62M, Peak:319.62M | Scene, ViewLayer | Sample 1/48
Fra:1 Mem:575.90M (Peak 575.90M) | Time:00:20.34 | Remaining:00:09.22 | Mem:319.62M, Peak:319.62M | Scene, ViewLayer | Sample 33/48
Fra:1 Mem:625.90M (Peak 700.91M) | Time:00:31.19 | Mem:319.62M, Peak:319.62M | Scene, ViewLayer | Sample 48/48
Fra:1 Mem:625.90M (Peak 700.91M) | Time:00:31.19 | Mem:319.62M, Peak:319.62M | Scene, ViewLayer | Finished
Saved: '/Users/stephenhung/Documents/GitHub/agarstra/outputs/pokemon-remake/verification/laboratory-v1/gameplay.png'
Time: 00:31.36 (Saving: 00:00.16)

Info: No new files have been packed
Info: Saved as "laboratory-v1.blend"
Info: Saved as "laboratory-v1.blend"
LABORATORY_REVIEW_COMPLETE {"blend": "/Users/stephenhung/Documents/GitHub/agarstra/outputs/pokemon-remake/models/laboratory-v1.blend", "renders": ["front.png", "back.png", "gameplay.png"]}

Blender quit
