INFO Draco mesh compression is available, use library at /Volumes/Blender/Blender.app/Contents/Resources/4.5/scripts/addons_core/io_scene_gltf2/libextern_draco.dylib
16:33:44 | INFO: Starting glTF 2.0 export
16:33:44 | INFO: Extracting primitive: Tree_v2_connected_branch_scaffold
16:33:44 | INFO: Primitives created: 1
16:33:45 | INFO: Extracting primitive: Tree_v2_broadleaf_crown
16:33:45 | WARNING: The active Vertex Color will not be exported, as it is not used in the node tree of the material
16:33:45 | INFO: Primitives created: 1
16:33:45 | INFO: Finished glTF 2.0 export in 0.10801887512207031 s

Info: Packed 1 file(s)
Info: Saved as "tree-v2.blend"
{
  "status": "candidate awaiting actual export review",
  "seed": 894517,
  "sourceBlend": "outputs/pokemon-remake/environment/tree/tree.blend",
  "sourceGLBSHA256": "0488d72b777a728a65c0789d9688a75f125c9a7ba49fb1f402ba07f4a948193b",
  "glbSHA256": "eb0a11a0802f57a1e9ca69a23308a42fc22a5b141436b7e63c59893b7598602d",
  "triangles": 43886,
  "29InstanceTriangles": 1272694,
  "previous29InstanceTriangles": 1784254,
  "meshCount": 2,
  "materials": 2,
  "nominalHeight": 3.8,
  "boundsBlender": {
    "min": [
      -1.778658390045166,
      -1.789629578590393,
      0.0
    ],
    "max": [
      1.8125954866409302,
      1.709774374961853,
      3.799999713897705
    ]
  },
  "leafCount": 3840,
  "newBranchExtensions": 60,
  "newSprigs": 480,
  "branchScaffoldBaseVertices": 13015,
  "branchScaffoldBaseTriangles": 12926,
  "branchAttachmentMethod": "Every extension shares an existing scaffold vertex; sprigs share terminal extension vertices. No detached leaf-cloud helper objects.",
  "textureMethod": "Generated-source bark luminance remapped to brown and reduced to 2K; locally authored 512px leaf veins with per-leaf tint. Not photographic scans.",
  "limitations": [
    "Static tree; no wind.",
    "Opaque leaves do not reproduce physical transmission.",
    "Generated scaffold shape and locally authored foliage still require visual review.",
    "A scene with 29 real runtime instances must be measured by integration owner."
  ]
}
Blender 4.5.0 (hash 8cb6b388974a built 2025-07-15 01:35:28)
Read blend: "/Users/stephenhung/Documents/GitHub/agarstra/outputs/pokemon-remake/environment/tree/tree.blend"

Blender quit
