32023 ["PalletTown_ProfessorOaksLab",true,null,null]
37279 ["PalletTown_ProfessorOaksLab",false,6,8]
POST {
  group: 4,
  number: 3,
  name: 'PalletTown_ProfessorOaksLab',
  width: 13,
  height: 14
} {
  id: 0,
  spriteId: 0,
  graphicsId: 0,
  localId: 255,
  mapGroup: 4,
  mapNumber: 3,
  isPlayer: true,
  hidden: false,
  spriteInvisible: false,
  visible: true,
  offScreen: false,
  tileX: 6,
  tileY: 8,
  previousTileX: 6,
  previousTileY: 8,
  worldX: 6,
  worldY: 8,
  x: 6,
  y: 8,
  visualOffsetX: 0,
  visualOffsetY: 0,
  facing: 'down',
  direction: 1,
  movementDirection: 1,
  moving: false,
  elevation: 3,
  animation: 4,
  animationFrame: 3,
  source: { objectAddress: 33779256, spriteAddress: 33687100 },
  runningState: 0,
  tileTransitionState: 0,
  avatarFlags: 33
}
38848 ["PalletTown_ProfessorOaksLab",false,6,8.0625]
38849 ["PalletTown_ProfessorOaksLab",false,6,8.125]
38850 ["PalletTown_ProfessorOaksLab",false,6,8.1875]
38851 ["PalletTown_ProfessorOaksLab",false,6,8.25]
38852 ["PalletTown_ProfessorOaksLab",false,6,8.3125]
38853 ["PalletTown_ProfessorOaksLab",false,6,8.375]
38854 ["PalletTown_ProfessorOaksLab",false,6,8.4375]
38855 ["PalletTown_ProfessorOaksLab",false,6,8.5]
38856 ["PalletTown_ProfessorOaksLab",false,6,8.5625]
38857 ["PalletTown_ProfessorOaksLab",false,6,8.625]
38858 ["PalletTown_ProfessorOaksLab",false,6,8.6875]
38859 ["PalletTown_ProfessorOaksLab",false,6,8.75]
38860 ["PalletTown_ProfessorOaksLab",false,6,8.8125]
38861 ["PalletTown_ProfessorOaksLab",false,6,8.875]
38862 ["PalletTown_ProfessorOaksLab",false,6,8.9375]
38863 ["PalletTown_ProfessorOaksLab",false,6,9]
38864 ["PalletTown_ProfessorOaksLab",false,6,9.0625]
38865 ["PalletTown_ProfessorOaksLab",false,6,9.125]
38866 ["PalletTown_ProfessorOaksLab",false,6,9.1875]
38867 ["PalletTown_ProfessorOaksLab",false,6,9.25]
38868 ["PalletTown_ProfessorOaksLab",false,6,9.3125]
38869 ["PalletTown_ProfessorOaksLab",false,6,9.375]
38870 ["PalletTown_ProfessorOaksLab",false,6,9.4375]
38871 ["PalletTown_ProfessorOaksLab",false,6,9.5]
38872 ["PalletTown_ProfessorOaksLab",false,6,9.5625]
38873 ["PalletTown_ProfessorOaksLab",false,6,9.625]
38874 ["PalletTown_ProfessorOaksLab",false,6,9.6875]
38875 ["PalletTown_ProfessorOaksLab",false,6,9.75]
38876 ["PalletTown_ProfessorOaksLab",false,6,9.8125]
38877 ["PalletTown_ProfessorOaksLab",false,6,9.875]
38878 ["PalletTown_ProfessorOaksLab",false,6,9.9375]
38879 ["PalletTown_ProfessorOaksLab",false,6,10]
38880 ["PalletTown_ProfessorOaksLab",false,6,10.0625]
38881 ["PalletTown_ProfessorOaksLab",false,6,10.125]
38882 ["PalletTown_ProfessorOaksLab",false,6,10.1875]
38883 ["PalletTown_ProfessorOaksLab",false,6,10.25]
38884 ["PalletTown_ProfessorOaksLab",false,6,10.3125]
38885 ["PalletTown_ProfessorOaksLab",false,6,10.375]
38886 ["PalletTown_ProfessorOaksLab",false,6,10.4375]
38887 ["PalletTown_ProfessorOaksLab",false,6,10.5]
38888 ["PalletTown_ProfessorOaksLab",false,6,10.5625]
38889 ["PalletTown_ProfessorOaksLab",false,6,10.625]
38890 ["PalletTown_ProfessorOaksLab",false,6,10.6875]
38891 ["PalletTown_ProfessorOaksLab",false,6,10.75]
38892 ["PalletTown_ProfessorOaksLab",false,6,10.8125]
38893 ["PalletTown_ProfessorOaksLab",false,6,10.875]
38894 ["PalletTown_ProfessorOaksLab",false,6,10.9375]
38895 ["PalletTown_ProfessorOaksLab",false,6,11]
38896 ["PalletTown_ProfessorOaksLab",false,6,11.0625]
38897 ["PalletTown_ProfessorOaksLab",false,6,11.125]
38898 ["PalletTown_ProfessorOaksLab",false,6,11.1875]
38899 ["PalletTown_ProfessorOaksLab",false,6,11.25]
38900 ["PalletTown_ProfessorOaksLab",false,6,11.3125]
38901 ["PalletTown_ProfessorOaksLab",false,6,11.375]
38902 ["PalletTown_ProfessorOaksLab",false,6,11.4375]
38903 ["PalletTown_ProfessorOaksLab",false,6,11.5]
38904 ["PalletTown_ProfessorOaksLab",false,6,11.5625]
38905 ["PalletTown_ProfessorOaksLab",false,6,11.625]
38906 ["PalletTown_ProfessorOaksLab",false,6,11.6875]
38907 ["PalletTown_ProfessorOaksLab",false,6,11.75]
38908 ["PalletTown_ProfessorOaksLab",false,6,11.8125]
38909 ["PalletTown_ProfessorOaksLab",false,6,11.875]
38910 ["PalletTown_ProfessorOaksLab",false,6,11.9375]
38911 ["PalletTown_ProfessorOaksLab",false,6,12]
38978 ["PalletTown",false,null,null]
39019 ["PalletTown",false,16,13]
39035 ["PalletTown",false,16,13.0625]
39036 ["PalletTown",false,16,13.125]
39037 ["PalletTown",false,16,13.1875]
39038 ["PalletTown",false,16,13.25]
39039 ["PalletTown",false,16,13.3125]
39040 ["PalletTown",false,16,13.375]
39041 ["PalletTown",false,16,13.4375]
39042 ["PalletTown",false,16,13.5]
39043 ["PalletTown",false,16,13.5625]
39044 ["PalletTown",false,16,13.625]
39045 ["PalletTown",false,16,13.6875]
39046 ["PalletTown",false,16,13.75]
39047 ["PalletTown",false,16,13.8125]
39048 ["PalletTown",false,16,13.875]
39049 ["PalletTown",false,16,13.9375]
39050 ["PalletTown",false,16,14]
39079 ["PalletTown",false,15.9375,14]
39080 ["PalletTown",false,15.875,14]
39081 ["PalletTown",false,15.8125,14]
39082 ["PalletTown",false,15.75,14]
39083 ["PalletTown",false,15.6875,14]
39084 ["PalletTown",false,15.625,14]
39085 ["PalletTown",false,15.5625,14]
39086 ["PalletTown",false,15.5,14]
39087 ["PalletTown",false,15.4375,14]
39088 ["PalletTown",false,15.375,14]
39089 ["PalletTown",false,15.3125,14]
39090 ["PalletTown",false,15.25,14]
39091 ["PalletTown",false,15.1875,14]
39092 ["PalletTown",false,15.125,14]
39093 ["PalletTown",false,15.0625,14]
39094 ["PalletTown",false,15,14]
39095 ["PalletTown",false,14.9375,14]
39096 ["PalletTown",false,14.875,14]
39097 ["PalletTown",false,14.8125,14]
39098 ["PalletTown",false,14.75,14]
39099 ["PalletTown",false,14.6875,14]
39100 ["PalletTown",false,14.625,14]
39101 ["PalletTown",false,14.5625,14]
39102 ["PalletTown",false,14.5,14]
39103 ["PalletTown",false,14.4375,14]
39104 ["PalletTown",false,14.375,14]
39105 ["PalletTown",false,14.3125,14]
39106 ["PalletTown",false,14.25,14]
39107 ["PalletTown",false,14.1875,14]
39108 ["PalletTown",false,14.125,14]
39109 ["PalletTown",false,14.0625,14]
39110 ["PalletTown",false,14,14]
39111 ["PalletTown",false,13.9375,14]
39112 ["PalletTown",false,13.875,14]
39113 ["PalletTown",false,13.8125,14]
39114 ["PalletTown",false,13.75,14]
39115 ["PalletTown",false,13.6875,14]
39116 ["PalletTown",false,13.625,14]
39117 ["PalletTown",false,13.5625,14]
39118 ["PalletTown",false,13.5,14]
39119 ["PalletTown",false,13.4375,14]
39120 ["PalletTown",false,13.375,14]
39121 ["PalletTown",false,13.3125,14]
39122 ["PalletTown",false,13.25,14]
39123 ["PalletTown",false,13.1875,14]
39124 ["PalletTown",false,13.125,14]
39125 ["PalletTown",false,13.0625,14]
39126 ["PalletTown",false,13,14]
39127 ["PalletTown",false,12.9375,14]
39128 ["PalletTown",false,12.875,14]
39129 ["PalletTown",false,12.8125,14]
39130 ["PalletTown",false,12.75,14]
39131 ["PalletTown",false,12.6875,14]
39132 ["PalletTown",false,12.625,14]
39133 ["PalletTown",false,12.5625,14]
39134 ["PalletTown",false,12.5,14]
39135 ["PalletTown",false,12.4375,14]
39136 ["PalletTown",false,12.375,14]
39137 ["PalletTown",false,12.3125,14]
39138 ["PalletTown",false,12.25,14]
39139 ["PalletTown",false,12.1875,14]
39140 ["PalletTown",false,12.125,14]
39141 ["PalletTown",false,12.0625,14]
39142 ["PalletTown",false,12,14]
39172 ["PalletTown",false,12,13.9375]
39173 ["PalletTown",false,12,13.875]
39174 ["PalletTown",false,12,13.8125]
39175 ["PalletTown",false,12,13.75]
39176 ["PalletTown",false,12,13.6875]
39177 ["PalletTown",false,12,13.625]
39178 ["PalletTown",false,12,13.5625]
39179 ["PalletTown",false,12,13.5]
39180 ["PalletTown",false,12,13.4375]
39181 ["PalletTown",false,12,13.375]
39182 ["PalletTown",false,12,13.3125]
39183 ["PalletTown",false,12,13.25]
39184 ["PalletTown",false,12,13.1875]
39185 ["PalletTown",false,12,13.125]
39186 ["PalletTown",false,12,13.0625]
39187 ["PalletTown",false,12,13]
39188 ["PalletTown",false,12,12.9375]
39189 ["PalletTown",false,12,12.875]
39190 ["PalletTown",false,12,12.8125]
39191 ["PalletTown",false,12,12.75]
39192 ["PalletTown",false,12,12.6875]
39193 ["PalletTown",false,12,12.625]
39194 ["PalletTown",false,12,12.5625]
39195 ["PalletTown",false,12,12.5]
39196 ["PalletTown",false,12,12.4375]
39197 ["PalletTown",false,12,12.375]
39198 ["PalletTown",false,12,12.3125]
39199 ["PalletTown",false,12,12.25]
39200 ["PalletTown",false,12,12.1875]
39201 ["PalletTown",false,12,12.125]
39202 ["PalletTown",false,12,12.0625]
39203 ["PalletTown",false,12,12]
39204 ["PalletTown",false,12,11.9375]
39205 ["PalletTown",false,12,11.875]
39206 ["PalletTown",false,12,11.8125]
39207 ["PalletTown",false,12,11.75]
39208 ["PalletTown",false,12,11.6875]
39209 ["PalletTown",false,12,11.625]
39210 ["PalletTown",false,12,11.5625]
39211 ["PalletTown",false,12,11.5]
39212 ["PalletTown",false,12,11.4375]
39213 ["PalletTown",false,12,11.375]
39214 ["PalletTown",false,12,11.3125]
39215 ["PalletTown",false,12,11.25]
39216 ["PalletTown",false,12,11.1875]
39217 ["PalletTown",false,12,11.125]
39218 ["PalletTown",false,12,11.0625]
39219 ["PalletTown",false,12,11]
39220 ["PalletTown",false,12,10.9375]
39221 ["PalletTown",false,12,10.875]
39222 ["PalletTown",false,12,10.8125]
39223 ["PalletTown",false,12,10.75]
39224 ["PalletTown",false,12,10.6875]
39225 ["PalletTown",false,12,10.625]
39226 ["PalletTown",false,12,10.5625]
39227 ["PalletTown",false,12,10.5]
39228 ["PalletTown",false,12,10.4375]
39229 ["PalletTown",false,12,10.375]
39230 ["PalletTown",false,12,10.3125]
39231 ["PalletTown",false,12,10.25]
39232 ["PalletTown",false,12,10.1875]
39233 ["PalletTown",false,12,10.125]
39234 ["PalletTown",false,12,10.0625]
39235 ["PalletTown",false,12,10]
39236 ["PalletTown",false,12,9.9375]
39237 ["PalletTown",false,12,9.875]
39238 ["PalletTown",false,12,9.8125]
39239 ["PalletTown",false,12,9.75]
39240 ["PalletTown",false,12,9.6875]
39241 ["PalletTown",false,12,9.625]
39242 ["PalletTown",false,12,9.5625]
39243 ["PalletTown",false,12,9.5]
39244 ["PalletTown",false,12,9.4375]
39245 ["PalletTown",false,12,9.375]
39246 ["PalletTown",false,12,9.3125]
39247 ["PalletTown",false,12,9.25]
39248 ["PalletTown",false,12,9.1875]
39249 ["PalletTown",false,12,9.125]
39250 ["PalletTown",false,12,9.0625]
39251 ["PalletTown",false,12,9]
39252 ["PalletTown",false,12,8.9375]
39253 ["PalletTown",false,12,8.875]
39254 ["PalletTown",false,12,8.8125]
39255 ["PalletTown",false,12,8.75]
39256 ["PalletTown",false,12,8.6875]
39257 ["PalletTown",false,12,8.625]
39258 ["PalletTown",false,12,8.5625]
39259 ["PalletTown",false,12,8.5]
39260 ["PalletTown",false,12,8.4375]
39261 ["PalletTown",false,12,8.375]
39262 ["PalletTown",false,12,8.3125]
39263 ["PalletTown",false,12,8.25]
39264 ["PalletTown",false,12,8.1875]
39265 ["PalletTown",false,12,8.125]
39266 ["PalletTown",false,12,8.0625]
39267 ["PalletTown",false,12,8]
39268 ["PalletTown",false,12,7.9375]
39269 ["PalletTown",false,12,7.875]
39270 ["PalletTown",false,12,7.8125]
39271 ["PalletTown",false,12,7.75]
39272 ["PalletTown",false,12,7.6875]
39273 ["PalletTown",false,12,7.625]
39274 ["PalletTown",false,12,7.5625]
39275 ["PalletTown",false,12,7.5]
39276 ["PalletTown",false,12,7.4375]
39277 ["PalletTown",false,12,7.375]
39278 ["PalletTown",false,12,7.3125]
39279 ["PalletTown",false,12,7.25]
39280 ["PalletTown",false,12,7.1875]
39281 ["PalletTown",false,12,7.125]
39282 ["PalletTown",false,12,7.0625]
39283 ["PalletTown",false,12,7]
39284 ["PalletTown",false,12,6.9375]
39285 ["PalletTown",false,12,6.875]
39286 ["PalletTown",false,12,6.8125]
39287 ["PalletTown",false,12,6.75]
39288 ["PalletTown",false,12,6.6875]
39289 ["PalletTown",false,12,6.625]
39290 ["PalletTown",false,12,6.5625]
39291 ["PalletTown",false,12,6.5]
39292 ["PalletTown",false,12,6.4375]
39293 ["PalletTown",false,12,6.375]
39294 ["PalletTown",false,12,6.3125]
39295 ["PalletTown",false,12,6.25]
39296 ["PalletTown",false,12,6.1875]
39297 ["PalletTown",false,12,6.125]
39298 ["PalletTown",false,12,6.0625]
39299 ["PalletTown",false,12,6]
39300 ["PalletTown",false,12,5.9375]
39301 ["PalletTown",false,12,5.875]
39302 ["PalletTown",false,12,5.8125]
39303 ["PalletTown",false,12,5.75]
39304 ["PalletTown",false,12,5.6875]
39305 ["PalletTown",false,12,5.625]
39306 ["PalletTown",false,12,5.5625]
39307 ["PalletTown",false,12,5.5]
39308 ["PalletTown",false,12,5.4375]
39309 ["PalletTown",false,12,5.375]
39310 ["PalletTown",false,12,5.3125]
39311 ["PalletTown",false,12,5.25]
39312 ["PalletTown",false,12,5.1875]
39313 ["PalletTown",false,12,5.125]
39314 ["PalletTown",false,12,5.0625]
39315 ["PalletTown",false,12,5]
39316 ["PalletTown",false,12,4.9375]
39317 ["PalletTown",false,12,4.875]
39318 ["PalletTown",false,12,4.8125]
39319 ["PalletTown",false,12,4.75]
39320 ["PalletTown",false,12,4.6875]
39321 ["PalletTown",false,12,4.625]
39322 ["PalletTown",false,12,4.5625]
39323 ["PalletTown",false,12,4.5]
39324 ["PalletTown",false,12,4.4375]
39325 ["PalletTown",false,12,4.375]
39326 ["PalletTown",false,12,4.3125]
39327 ["PalletTown",false,12,4.25]
39328 ["PalletTown",false,12,4.1875]
39329 ["PalletTown",false,12,4.125]
39330 ["PalletTown",false,12,4.0625]
39331 ["PalletTown",false,12,4]
39332 ["PalletTown",false,12,3.9375]
39333 ["PalletTown",false,12,3.875]
39334 ["PalletTown",false,12,3.8125]
39335 ["PalletTown",false,12,3.75]
39336 ["PalletTown",false,12,3.6875]
39337 ["PalletTown",false,12,3.625]
39338 ["PalletTown",false,12,3.5625]
39339 ["PalletTown",false,12,3.5]
39340 ["PalletTown",false,12,3.4375]
39341 ["PalletTown",false,12,3.375]
39342 ["PalletTown",false,12,3.3125]
39343 ["PalletTown",false,12,3.25]
39344 ["PalletTown",false,12,3.1875]
39345 ["PalletTown",false,12,3.125]
39346 ["PalletTown",false,12,3.0625]
39347 ["PalletTown",false,12,3]
39377 ["PalletTown",false,12.0625,3]
39378 ["PalletTown",false,12.125,3]
39379 ["PalletTown",false,12.1875,3]
39380 ["PalletTown",false,12.25,3]
39381 ["PalletTown",false,12.3125,3]
39382 ["PalletTown",false,12.375,3]
39383 ["PalletTown",false,12.4375,3]
39384 ["PalletTown",false,12.5,3]
39385 ["PalletTown",false,12.5625,3]
39386 ["PalletTown",false,12.625,3]
39387 ["PalletTown",false,12.6875,3]
39388 ["PalletTown",false,12.75,3]
39389 ["PalletTown",false,12.8125,3]
39390 ["PalletTown",false,12.875,3]
39391 ["PalletTown",false,12.9375,3]
39392 ["PalletTown",false,13,3]
39422 ["PalletTown",false,13,2.9375]
39423 ["PalletTown",false,13,2.875]
39424 ["PalletTown",false,13,2.8125]
39425 ["PalletTown",false,13,2.75]
39426 ["PalletTown",false,13,2.6875]
39427 ["PalletTown",false,13,2.625]
39428 ["PalletTown",false,13,2.5625]
39429 ["PalletTown",false,13,2.5]
39430 ["PalletTown",false,13,2.4375]
39431 ["PalletTown",false,13,2.375]
39432 ["PalletTown",false,13,2.3125]
39433 ["PalletTown",false,13,2.25]
39434 ["PalletTown",false,13,2.1875]
39435 ["PalletTown",false,13,2.125]
39436 ["PalletTown",false,13,2.0625]
39437 ["PalletTown",false,13,2]
40657 ["PalletTown",false,13,1.9375]
40658 ["PalletTown",false,13,1.875]
40659 ["PalletTown",false,13,1.8125]
40660 ["PalletTown",false,13,1.75]
40661 ["PalletTown",false,13,1.6875]
40662 ["PalletTown",false,13,1.625]
40663 ["PalletTown",false,13,1.5625]
40664 ["PalletTown",false,13,1.5]
40665 ["PalletTown",false,13,1.4375]
40666 ["PalletTown",false,13,1.375]
40667 ["PalletTown",false,13,1.3125]
40668 ["PalletTown",false,13,1.25]
40669 ["PalletTown",false,13,1.1875]
40670 ["PalletTown",false,13,1.125]
40671 ["PalletTown",false,13,1.0625]
40672 ["PalletTown",false,13,1]
40673 ["PalletTown",false,13,0.9375]
40674 ["PalletTown",false,13,0.875]
40675 ["PalletTown",false,13,0.8125]
40676 ["PalletTown",false,13,0.75]
40677 ["PalletTown",false,13,0.6875]
40678 ["PalletTown",false,13,0.625]
40679 ["PalletTown",false,13,0.5625]
40680 ["PalletTown",false,13,0.5]
40681 ["PalletTown",false,13,0.4375]
40682 ["PalletTown",false,13,0.375]
40683 ["PalletTown",false,13,0.3125]
40684 ["PalletTown",false,13,0.25]
40685 ["PalletTown",false,13,0.1875]
40686 ["PalletTown",false,13,0.125]
40687 ["PalletTown",false,13,0.0625]
40688 ["PalletTown",false,13,0]
40689 ["Route1",false,13,39.875]
40690 ["Route1",false,13,39.9375]
40715 ["Route1",false,13,39]
ROUTE { group: 3, number: 19, name: 'Route1', width: 24, height: 40 } {
  id: 0,
  spriteId: 0,
  graphicsId: 0,
  localId: 255,
  mapGroup: 3,
  mapNumber: 0,
  isPlayer: true,
  hidden: false,
  spriteInvisible: false,
  visible: true,
  offScreen: false,
  tileX: 13,
  tileY: 39,
  previousTileX: 13,
  previousTileY: 39,
  worldX: 13,
  worldY: 39,
  x: 13,
  y: 39,
  visualOffsetX: 0,
  visualOffsetY: 0,
  facing: 'up',
  direction: 2,
  movementDirection: 2,
  moving: false,
  elevation: 3,
  animation: 5,
  animationFrame: 1,
  source: { objectAddress: 33779256, spriteAddress: 33687100 },
  runningState: 0,
  tileTransitionState: 0,
  avatarFlags: 1
}
